Archive member included to satisfy reference by file (symbol)

c:/program files (x86)/atmel/studio/7.0/toolchain/avr8/avr8-gnu-toolchain/bin/../lib/gcc/avr/5.4.0/../../../../avr/lib/avr5\libm.a(cmpsf2.o)
                              MCAL/ICU/ICU.o (__eqsf2)
c:/program files (x86)/atmel/studio/7.0/toolchain/avr8/avr8-gnu-toolchain/bin/../lib/gcc/avr/5.4.0/../../../../avr/lib/avr5\libm.a(divsf3.o)
                              MCAL/ICU/ICU.o (__divsf3)
c:/program files (x86)/atmel/studio/7.0/toolchain/avr8/avr8-gnu-toolchain/bin/../lib/gcc/avr/5.4.0/../../../../avr/lib/avr5\libm.a(divsf3x.o)
                              c:/program files (x86)/atmel/studio/7.0/toolchain/avr8/avr8-gnu-toolchain/bin/../lib/gcc/avr/5.4.0/../../../../avr/lib/avr5\libm.a(divsf3.o) (__divsf3x)
c:/program files (x86)/atmel/studio/7.0/toolchain/avr8/avr8-gnu-toolchain/bin/../lib/gcc/avr/5.4.0/../../../../avr/lib/avr5\libm.a(fixunssfsi.o)
                              MCAL/TIMER0/source/TIMER0_prog.o (__fixunssfsi)
c:/program files (x86)/atmel/studio/7.0/toolchain/avr8/avr8-gnu-toolchain/bin/../lib/gcc/avr/5.4.0/../../../../avr/lib/avr5\libm.a(floatsisf.o)
                              MCAL/ICU/ICU.o (__floatunsisf)
c:/program files (x86)/atmel/studio/7.0/toolchain/avr8/avr8-gnu-toolchain/bin/../lib/gcc/avr/5.4.0/../../../../avr/lib/avr5\libm.a(fp_cmp.o)
                              c:/program files (x86)/atmel/studio/7.0/toolchain/avr8/avr8-gnu-toolchain/bin/../lib/gcc/avr/5.4.0/../../../../avr/lib/avr5\libm.a(cmpsf2.o) (__fp_cmp)
c:/program files (x86)/atmel/studio/7.0/toolchain/avr8/avr8-gnu-toolchain/bin/../lib/gcc/avr/5.4.0/../../../../avr/lib/avr5\libm.a(fp_inf.o)
                              c:/program files (x86)/atmel/studio/7.0/toolchain/avr8/avr8-gnu-toolchain/bin/../lib/gcc/avr/5.4.0/../../../../avr/lib/avr5\libm.a(divsf3x.o) (__fp_inf)
c:/program files (x86)/atmel/studio/7.0/toolchain/avr8/avr8-gnu-toolchain/bin/../lib/gcc/avr/5.4.0/../../../../avr/lib/avr5\libm.a(fp_nan.o)
                              c:/program files (x86)/atmel/studio/7.0/toolchain/avr8/avr8-gnu-toolchain/bin/../lib/gcc/avr/5.4.0/../../../../avr/lib/avr5\libm.a(divsf3x.o) (__fp_nan)
c:/program files (x86)/atmel/studio/7.0/toolchain/avr8/avr8-gnu-toolchain/bin/../lib/gcc/avr/5.4.0/../../../../avr/lib/avr5\libm.a(fp_pscA.o)
                              c:/program files (x86)/atmel/studio/7.0/toolchain/avr8/avr8-gnu-toolchain/bin/../lib/gcc/avr/5.4.0/../../../../avr/lib/avr5\libm.a(divsf3x.o) (__fp_pscA)
c:/program files (x86)/atmel/studio/7.0/toolchain/avr8/avr8-gnu-toolchain/bin/../lib/gcc/avr/5.4.0/../../../../avr/lib/avr5\libm.a(fp_pscB.o)
                              c:/program files (x86)/atmel/studio/7.0/toolchain/avr8/avr8-gnu-toolchain/bin/../lib/gcc/avr/5.4.0/../../../../avr/lib/avr5\libm.a(divsf3x.o) (__fp_pscB)
c:/program files (x86)/atmel/studio/7.0/toolchain/avr8/avr8-gnu-toolchain/bin/../lib/gcc/avr/5.4.0/../../../../avr/lib/avr5\libm.a(fp_round.o)
                              c:/program files (x86)/atmel/studio/7.0/toolchain/avr8/avr8-gnu-toolchain/bin/../lib/gcc/avr/5.4.0/../../../../avr/lib/avr5\libm.a(divsf3.o) (__fp_round)
c:/program files (x86)/atmel/studio/7.0/toolchain/avr8/avr8-gnu-toolchain/bin/../lib/gcc/avr/5.4.0/../../../../avr/lib/avr5\libm.a(fp_split3.o)
                              c:/program files (x86)/atmel/studio/7.0/toolchain/avr8/avr8-gnu-toolchain/bin/../lib/gcc/avr/5.4.0/../../../../avr/lib/avr5\libm.a(divsf3x.o) (__fp_split3)
c:/program files (x86)/atmel/studio/7.0/toolchain/avr8/avr8-gnu-toolchain/bin/../lib/gcc/avr/5.4.0/../../../../avr/lib/avr5\libm.a(fp_zero.o)
                              c:/program files (x86)/atmel/studio/7.0/toolchain/avr8/avr8-gnu-toolchain/bin/../lib/gcc/avr/5.4.0/../../../../avr/lib/avr5\libm.a(fixunssfsi.o) (__fp_zero)
c:/program files (x86)/atmel/studio/7.0/toolchain/avr8/avr8-gnu-toolchain/bin/../lib/gcc/avr/5.4.0/../../../../avr/lib/avr5\libm.a(mulsf3.o)
                              MCAL/ICU/ICU.o (__mulsf3)
c:/program files (x86)/atmel/studio/7.0/toolchain/avr8/avr8-gnu-toolchain/bin/../lib/gcc/avr/5.4.0/../../../../avr/lib/avr5\libm.a(mulsf3x.o)
                              c:/program files (x86)/atmel/studio/7.0/toolchain/avr8/avr8-gnu-toolchain/bin/../lib/gcc/avr/5.4.0/../../../../avr/lib/avr5\libm.a(mulsf3.o) (__mulsf3x)
c:/program files (x86)/atmel/studio/7.0/toolchain/avr8/avr8-gnu-toolchain/bin/../lib/gcc/avr/5.4.0/avr5\libgcc.a(_udivmodhi4.o)
                              FreeRTOS/Source/queue.o (__udivmodhi4)
c:/program files (x86)/atmel/studio/7.0/toolchain/avr8/avr8-gnu-toolchain/bin/../lib/gcc/avr/5.4.0/avr5\libgcc.a(_udivmodsi4.o)
                              HAL/7_segment/sev_segment.o (__udivmodsi4)
c:/program files (x86)/atmel/studio/7.0/toolchain/avr8/avr8-gnu-toolchain/bin/../lib/gcc/avr/5.4.0/avr5\libgcc.a(_exit.o)
                              c:/program files (x86)/atmel/studio/7.0/toolchain/avr8/avr8-gnu-toolchain/bin/../lib/gcc/avr/5.4.0/../../../../avr/lib/avr5/crtatmega32.o (exit)
c:/program files (x86)/atmel/studio/7.0/toolchain/avr8/avr8-gnu-toolchain/bin/../lib/gcc/avr/5.4.0/avr5\libgcc.a(_copy_data.o)
                              FreeRTOS/Source/tasks.o (__do_copy_data)
c:/program files (x86)/atmel/studio/7.0/toolchain/avr8/avr8-gnu-toolchain/bin/../lib/gcc/avr/5.4.0/avr5\libgcc.a(_clear_bss.o)
                              FreeRTOS/Source/portable/MemMang/heap_1.o (__do_clear_bss)
c:/program files (x86)/atmel/studio/7.0/toolchain/avr8/avr8-gnu-toolchain/bin/../lib/gcc/avr/5.4.0/avr5\libgcc.a(_umulhisi3.o)
                              HAL/LCD/LCD.o (__umulhisi3)
c:/program files (x86)/atmel/studio/7.0/toolchain/avr8/avr8-gnu-toolchain/bin/../lib/gcc/avr/5.4.0/../../../../avr/lib/avr5\libc.a(memcpy.o)
                              FreeRTOS/Source/queue.o (memcpy)

Allocating common symbols
Common symbol       size              file

ARR_SEV_SEG         0x8               HAL/7_segment/sev_segment.o

Discarded input sections

 .data          0x00000000        0x0 c:/program files (x86)/atmel/studio/7.0/toolchain/avr8/avr8-gnu-toolchain/bin/../lib/gcc/avr/5.4.0/../../../../avr/lib/avr5/crtatmega32.o
 .bss           0x00000000        0x0 c:/program files (x86)/atmel/studio/7.0/toolchain/avr8/avr8-gnu-toolchain/bin/../lib/gcc/avr/5.4.0/../../../../avr/lib/avr5/crtatmega32.o
 .text          0x00000000        0x0 FreeRTOS/Source/croutine.o
 .data          0x00000000        0x0 FreeRTOS/Source/croutine.o
 .bss           0x00000000        0x0 FreeRTOS/Source/croutine.o
 .debug_info    0x00000000       0x64 FreeRTOS/Source/croutine.o
 .debug_abbrev  0x00000000       0x26 FreeRTOS/Source/croutine.o
 .debug_aranges
                0x00000000       0x18 FreeRTOS/Source/croutine.o
 .debug_line    0x00000000       0x1a FreeRTOS/Source/croutine.o
 .debug_str     0x00000000      0x171 FreeRTOS/Source/croutine.o
 .comment       0x00000000       0x31 FreeRTOS/Source/croutine.o
 .text          0x00000000        0x0 FreeRTOS/Source/event_groups.o
 .data          0x00000000        0x0 FreeRTOS/Source/event_groups.o
 .bss           0x00000000        0x0 FreeRTOS/Source/event_groups.o
 .text.prvTestWaitCondition
                0x00000000       0x26 FreeRTOS/Source/event_groups.o
 .text.xEventGroupCreate
                0x00000000       0x26 FreeRTOS/Source/event_groups.o
 .text.xEventGroupWaitBits
                0x00000000       0xe4 FreeRTOS/Source/event_groups.o
 .text.xEventGroupClearBits
                0x00000000       0x1e FreeRTOS/Source/event_groups.o
 .text.xEventGroupGetBitsFromISR
                0x00000000        0x8 FreeRTOS/Source/event_groups.o
 .text.xEventGroupSetBits
                0x00000000       0xc8 FreeRTOS/Source/event_groups.o
 .text.xEventGroupSync
                0x00000000       0xd6 FreeRTOS/Source/event_groups.o
 .text.vEventGroupDelete
                0x00000000       0x2e FreeRTOS/Source/event_groups.o
 .text.vEventGroupSetBitsCallback
                0x00000000        0x8 FreeRTOS/Source/event_groups.o
 .text.vEventGroupClearBitsCallback
                0x00000000        0x8 FreeRTOS/Source/event_groups.o
 .debug_info    0x00000000      0x8db FreeRTOS/Source/event_groups.o
 .debug_abbrev  0x00000000      0x1dc FreeRTOS/Source/event_groups.o
 .debug_loc     0x00000000      0xb41 FreeRTOS/Source/event_groups.o
 .debug_aranges
                0x00000000       0x68 FreeRTOS/Source/event_groups.o
 .debug_ranges  0x00000000       0x70 FreeRTOS/Source/event_groups.o
 .debug_line    0x00000000      0x44f FreeRTOS/Source/event_groups.o
 .debug_str     0x00000000      0x585 FreeRTOS/Source/event_groups.o
 .comment       0x00000000       0x31 FreeRTOS/Source/event_groups.o
 .debug_frame   0x00000000      0x15c FreeRTOS/Source/event_groups.o
 .text          0x00000000        0x0 FreeRTOS/Source/list.o
 .data          0x00000000        0x0 FreeRTOS/Source/list.o
 .bss           0x00000000        0x0 FreeRTOS/Source/list.o
 .text          0x00000000        0x0 FreeRTOS/Source/portable/GCC/ATMega323/port.o
 .data          0x00000000        0x0 FreeRTOS/Source/portable/GCC/ATMega323/port.o
 .bss           0x00000000        0x0 FreeRTOS/Source/portable/GCC/ATMega323/port.o
 .text.vPortEndScheduler
                0x00000000        0x2 FreeRTOS/Source/portable/GCC/ATMega323/port.o
 .text          0x00000000        0x0 FreeRTOS/Source/portable/MemMang/heap_1.o
 .data          0x00000000        0x0 FreeRTOS/Source/portable/MemMang/heap_1.o
 .bss           0x00000000        0x0 FreeRTOS/Source/portable/MemMang/heap_1.o
 .text.vPortInitialiseBlocks
                0x00000000        0xa FreeRTOS/Source/portable/MemMang/heap_1.o
 .text.xPortGetFreeHeapSize
                0x00000000       0x12 FreeRTOS/Source/portable/MemMang/heap_1.o
 .text          0x00000000        0x0 FreeRTOS/Source/queue.o
 .data          0x00000000        0x0 FreeRTOS/Source/queue.o
 .bss           0x00000000        0x0 FreeRTOS/Source/queue.o
 .text.prvCopyDataFromQueue
                0x00000000       0x34 FreeRTOS/Source/queue.o
 .text.xQueueCreateCountingSemaphore
                0x00000000       0x2c FreeRTOS/Source/queue.o
 .text.xQueueGenericSendFromISR
                0x00000000       0x84 FreeRTOS/Source/queue.o
 .text.xQueueGiveFromISR
                0x00000000       0x70 FreeRTOS/Source/queue.o
 .text.xQueueReceive
                0x00000000      0x11e FreeRTOS/Source/queue.o
 .text.xQueuePeek
                0x00000000      0x122 FreeRTOS/Source/queue.o
 .text.xQueueReceiveFromISR
                0x00000000       0x7a FreeRTOS/Source/queue.o
 .text.xQueuePeekFromISR
                0x00000000       0x2e FreeRTOS/Source/queue.o
 .text.uxQueueMessagesWaiting
                0x00000000       0x10 FreeRTOS/Source/queue.o
 .text.uxQueueSpacesAvailable
                0x00000000       0x16 FreeRTOS/Source/queue.o
 .text.uxQueueMessagesWaitingFromISR
                0x00000000        0x6 FreeRTOS/Source/queue.o
 .text.vQueueDelete
                0x00000000        0x6 FreeRTOS/Source/queue.o
 .text.xQueueIsQueueEmptyFromISR
                0x00000000       0x10 FreeRTOS/Source/queue.o
 .text.xQueueIsQueueFullFromISR
                0x00000000       0x12 FreeRTOS/Source/queue.o
 .text          0x00000000        0x0 FreeRTOS/Source/stream_buffer.o
 .data          0x00000000        0x0 FreeRTOS/Source/stream_buffer.o
 .bss           0x00000000        0x0 FreeRTOS/Source/stream_buffer.o
 .text.prvBytesInBuffer
                0x00000000       0x26 FreeRTOS/Source/stream_buffer.o
 .text.prvInitialiseNewStreamBuffer
                0x00000000       0x20 FreeRTOS/Source/stream_buffer.o
 .text.prvWriteBytesToBuffer
                0x00000000       0x88 FreeRTOS/Source/stream_buffer.o
 .text.prvWriteMessageToBuffer
                0x00000000       0x8e FreeRTOS/Source/stream_buffer.o
 .text.prvReadBytesFromBuffer
                0x00000000       0x88 FreeRTOS/Source/stream_buffer.o
 .text.prvReadMessageFromBuffer
                0x00000000       0x90 FreeRTOS/Source/stream_buffer.o
 .text.xStreamBufferGenericCreate
                0x00000000       0x80 FreeRTOS/Source/stream_buffer.o
 .text.vStreamBufferDelete
                0x00000000       0x1a FreeRTOS/Source/stream_buffer.o
 .text.xStreamBufferReset
                0x00000000       0x56 FreeRTOS/Source/stream_buffer.o
 .text.xStreamBufferSetTriggerLevel
                0x00000000       0x22 FreeRTOS/Source/stream_buffer.o
 .text.xStreamBufferSpacesAvailable
                0x00000000       0x34 FreeRTOS/Source/stream_buffer.o
 .text.xStreamBufferBytesAvailable
                0x00000000        0x6 FreeRTOS/Source/stream_buffer.o
 .text.xStreamBufferSend
                0x00000000      0x174 FreeRTOS/Source/stream_buffer.o
 .text.xStreamBufferSendFromISR
                0x00000000       0x8e FreeRTOS/Source/stream_buffer.o
 .text.xStreamBufferReceive
                0x00000000      0x102 FreeRTOS/Source/stream_buffer.o
 .text.xStreamBufferNextMessageLengthBytes
                0x00000000       0x54 FreeRTOS/Source/stream_buffer.o
 .text.xStreamBufferReceiveFromISR
                0x00000000       0x8a FreeRTOS/Source/stream_buffer.o
 .text.xStreamBufferIsEmpty
                0x00000000       0x18 FreeRTOS/Source/stream_buffer.o
 .text.xStreamBufferIsFull
                0x00000000       0x2c FreeRTOS/Source/stream_buffer.o
 .text.xStreamBufferSendCompletedFromISR
                0x00000000       0x4c FreeRTOS/Source/stream_buffer.o
 .text.xStreamBufferReceiveCompletedFromISR
                0x00000000       0x4c FreeRTOS/Source/stream_buffer.o
 .debug_info    0x00000000     0x1376 FreeRTOS/Source/stream_buffer.o
 .debug_abbrev  0x00000000      0x200 FreeRTOS/Source/stream_buffer.o
 .debug_loc     0x00000000     0x1c9f FreeRTOS/Source/stream_buffer.o
 .debug_aranges
                0x00000000       0xc0 FreeRTOS/Source/stream_buffer.o
 .debug_ranges  0x00000000       0xb0 FreeRTOS/Source/stream_buffer.o
 .debug_line    0x00000000      0x7c8 FreeRTOS/Source/stream_buffer.o
 .debug_str     0x00000000      0x828 FreeRTOS/Source/stream_buffer.o
 .comment       0x00000000       0x31 FreeRTOS/Source/stream_buffer.o
 .debug_frame   0x00000000      0x41c FreeRTOS/Source/stream_buffer.o
 .text          0x00000000        0x0 FreeRTOS/Source/tasks.o
 .data          0x00000000        0x0 FreeRTOS/Source/tasks.o
 .bss           0x00000000        0x0 FreeRTOS/Source/tasks.o
 .text.prvTaskIsTaskSuspended
                0x00000000       0x2e FreeRTOS/Source/tasks.o
 .text.vTaskResume
                0x00000000       0xcc FreeRTOS/Source/tasks.o
 .text.xTaskResumeFromISR
                0x00000000       0xda FreeRTOS/Source/tasks.o
 .text.vTaskEndScheduler
                0x00000000        0xc FreeRTOS/Source/tasks.o
 .text.xTaskGetTickCount
                0x00000000       0x14 FreeRTOS/Source/tasks.o
 .text.xTaskGetTickCountFromISR
                0x00000000        0xa FreeRTOS/Source/tasks.o
 .text.uxTaskGetNumberOfTasks
                0x00000000        0x6 FreeRTOS/Source/tasks.o
 .text.pcTaskGetName
                0x00000000       0x10 FreeRTOS/Source/tasks.o
 .text.xTaskDelayUntil
                0x00000000       0x84 FreeRTOS/Source/tasks.o
 .text.xTaskCatchUpTicks
                0x00000000       0x32 FreeRTOS/Source/tasks.o
 .text.vTaskSuspend
                0x00000000       0xc2 FreeRTOS/Source/tasks.o
 .text.vTaskPlaceOnUnorderedEventList
                0x00000000       0x8c FreeRTOS/Source/tasks.o
 .text.vTaskRemoveFromUnorderedEventList
                0x00000000      0x14c FreeRTOS/Source/tasks.o
 .text.vTaskSetTimeOutState
                0x00000000       0x20 FreeRTOS/Source/tasks.o
 .text.xTaskGetCurrentTaskHandle
                0x00000000        0xa FreeRTOS/Source/tasks.o
 .text.uxTaskResetEventItemValue
                0x00000000       0x2e FreeRTOS/Source/tasks.o
 .text.ulTaskGenericNotifyTake
                0x00000000      0x106 FreeRTOS/Source/tasks.o
 .text.xTaskGenericNotifyWait
                0x00000000      0x142 FreeRTOS/Source/tasks.o
 .text.xTaskGenericNotify
                0x00000000      0x20a FreeRTOS/Source/tasks.o
 .text.xTaskGenericNotifyFromISR
                0x00000000      0x260 FreeRTOS/Source/tasks.o
 .text.vTaskGenericNotifyGiveFromISR
                0x00000000      0x194 FreeRTOS/Source/tasks.o
 .text.xTaskGenericNotifyStateClear
                0x00000000       0x34 FreeRTOS/Source/tasks.o
 .text.ulTaskGenericNotifyValueClear
                0x00000000       0x6c FreeRTOS/Source/tasks.o
 .text          0x00000000        0x0 FreeRTOS/Source/timers.o
 .data          0x00000000        0x0 FreeRTOS/Source/timers.o
 .bss           0x00000000        0x0 FreeRTOS/Source/timers.o
 .debug_info    0x00000000       0x64 FreeRTOS/Source/timers.o
 .debug_abbrev  0x00000000       0x26 FreeRTOS/Source/timers.o
 .debug_aranges
                0x00000000       0x18 FreeRTOS/Source/timers.o
 .debug_line    0x00000000       0x1a FreeRTOS/Source/timers.o
 .debug_str     0x00000000      0x16f FreeRTOS/Source/timers.o
 .comment       0x00000000       0x31 FreeRTOS/Source/timers.o
 .text          0x00000000        0x0 main.o
 .data          0x00000000        0x0 main.o
 .bss           0x00000000        0x0 main.o
 .text          0x00000000        0x0 HAL/7_segment/sev_segment.o
 .data          0x00000000        0x0 HAL/7_segment/sev_segment.o
 .bss           0x00000000        0x0 HAL/7_segment/sev_segment.o
 .text.Sev_SegmentInit
                0x00000000       0x38 HAL/7_segment/sev_segment.o
 .text.init_four_sev_Seg
                0x00000000       0x4e HAL/7_segment/sev_segment.o
 .text.Sev_SegmentShow
                0x00000000       0x54 HAL/7_segment/sev_segment.o
 .text.Sev_SegmentCounter_up
                0x00000000      0x11c HAL/7_segment/sev_segment.o
 .text.sev_seg_stop_watch
                0x00000000      0x16e HAL/7_segment/sev_segment.o
 .data.sven_seg4
                0x00000000        0x4 HAL/7_segment/sev_segment.o
 .data.sven_seg3
                0x00000000        0x4 HAL/7_segment/sev_segment.o
 .data.sven_seg2
                0x00000000        0x4 HAL/7_segment/sev_segment.o
 .data.sven_seg1
                0x00000000        0x4 HAL/7_segment/sev_segment.o
 .debug_info    0x00000000      0x5c7 HAL/7_segment/sev_segment.o
 .debug_abbrev  0x00000000      0x1c4 HAL/7_segment/sev_segment.o
 .debug_loc     0x00000000      0x4c1 HAL/7_segment/sev_segment.o
 .debug_aranges
                0x00000000       0x40 HAL/7_segment/sev_segment.o
 .debug_ranges  0x00000000       0x30 HAL/7_segment/sev_segment.o
 .debug_line    0x00000000      0x433 HAL/7_segment/sev_segment.o
 .debug_str     0x00000000      0x342 HAL/7_segment/sev_segment.o
 .comment       0x00000000       0x31 HAL/7_segment/sev_segment.o
 .debug_frame   0x00000000       0xdc HAL/7_segment/sev_segment.o
 COMMON         0x00000000        0x8 HAL/7_segment/sev_segment.o
 .text          0x00000000        0x0 HAL/KEYPAD/source/KEYPAD.o
 .data          0x00000000        0x0 HAL/KEYPAD/source/KEYPAD.o
 .bss           0x00000000        0x0 HAL/KEYPAD/source/KEYPAD.o
 .text          0x00000000        0x0 HAL/LCD/LCD.o
 .data          0x00000000        0x0 HAL/LCD/LCD.o
 .bss           0x00000000        0x0 HAL/LCD/LCD.o
 .text.LCD_voidCustomChar
                0x00000000       0x3e HAL/LCD/LCD.o
 .text.Lcd_voidShiftRight
                0x00000000        0x8 HAL/LCD/LCD.o
 .text.Lcd_voidShiftLeft
                0x00000000        0x8 HAL/LCD/LCD.o
 .data.ARR_LOC_ROWS
                0x00000000        0x4 HAL/LCD/LCD.o
 .text          0x00000000        0x0 MCAL/ADC/source/ADC.o
 .data          0x00000000        0x0 MCAL/ADC/source/ADC.o
 .bss           0x00000000        0x0 MCAL/ADC/source/ADC.o
 .text.ADC_read
                0x00000000       0x2c MCAL/ADC/source/ADC.o
 .text.ADC_Disable
                0x00000000        0x8 MCAL/ADC/source/ADC.o
 .text.ADC_InteruptDisable
                0x00000000        0x8 MCAL/ADC/source/ADC.o
 .text          0x00000000        0x0 MCAL/DIO/source/DIO.o
 .data          0x00000000        0x0 MCAL/DIO/source/DIO.o
 .bss           0x00000000        0x0 MCAL/DIO/source/DIO.o
 .text.DIO_WritePort
                0x00000000       0x2c MCAL/DIO/source/DIO.o
 .text.DIO_ReadPort
                0x00000000       0x3c MCAL/DIO/source/DIO.o
 .text.DIO_TogglePin
                0x00000000       0xd6 MCAL/DIO/source/DIO.o
 .text          0x00000000        0x0 MCAL/EXT_INTERUPT/source/external_interrupt.o
 .data          0x00000000        0x0 MCAL/EXT_INTERUPT/source/external_interrupt.o
 .bss           0x00000000        0x0 MCAL/EXT_INTERUPT/source/external_interrupt.o
 .text.Global_Interrupt_Disable
                0x00000000        0x8 MCAL/EXT_INTERUPT/source/external_interrupt.o
 .text.extrnal_int_init
                0x00000000       0x8e MCAL/EXT_INTERUPT/source/external_interrupt.o
 .text.Enable_EXT_INT
                0x00000000       0x16 MCAL/EXT_INTERUPT/source/external_interrupt.o
 .text.Disable_EXT_INT
                0x00000000       0x18 MCAL/EXT_INTERUPT/source/external_interrupt.o
 .text          0x00000000        0x0 MCAL/I2C/I2C.o
 .data          0x00000000        0x0 MCAL/I2C/I2C.o
 .bss           0x00000000        0x0 MCAL/I2C/I2C.o
 .text.TWI_voidMasterInit
                0x00000000       0x26 MCAL/I2C/I2C.o
 .text.TWI_voidSlaveInit
                0x00000000       0x12 MCAL/I2C/I2C.o
 .text.TWI_SendStartCondition
                0x00000000       0x22 MCAL/I2C/I2C.o
 .text.TWI_SendSlaveAddressWithWrite
                0x00000000       0x2c MCAL/I2C/I2C.o
 .text.TWI_MasterWriteDataByte
                0x00000000       0x1e MCAL/I2C/I2C.o
 .debug_info    0x00000000      0x1ac MCAL/I2C/I2C.o
 .debug_abbrev  0x00000000       0xc1 MCAL/I2C/I2C.o
 .debug_loc     0x00000000       0xed MCAL/I2C/I2C.o
 .debug_aranges
                0x00000000       0x40 MCAL/I2C/I2C.o
 .debug_ranges  0x00000000       0x30 MCAL/I2C/I2C.o
 .debug_line    0x00000000      0x1a1 MCAL/I2C/I2C.o
 .debug_str     0x00000000      0x2ba MCAL/I2C/I2C.o
 .comment       0x00000000       0x31 MCAL/I2C/I2C.o
 .debug_frame   0x00000000       0x64 MCAL/I2C/I2C.o
 .text          0x00000000        0x0 MCAL/ICU/ICU.o
 .data          0x00000000        0x0 MCAL/ICU/ICU.o
 .bss           0x00000000        0x0 MCAL/ICU/ICU.o
 .text.ISR_TIMER0_OVERFLOW
                0x00000000       0x28 MCAL/ICU/ICU.o
 .text.EXTI0_CALLBACK
                0x00000000      0x16e MCAL/ICU/ICU.o
 .text.ICU_calculateDuty_cycle
                0x00000000       0x30 MCAL/ICU/ICU.o
 .text.ICU_int  0x00000000       0x24 MCAL/ICU/ICU.o
 .bss.duty_cycle
                0x00000000        0x4 MCAL/ICU/ICU.o
 .bss.NUM_TIMER_OVERFLOW
                0x00000000        0x4 MCAL/ICU/ICU.o
 .bss.off_period
                0x00000000        0x4 MCAL/ICU/ICU.o
 .bss.on_period
                0x00000000        0x4 MCAL/ICU/ICU.o
 .bss.EXTI_COUNTER
                0x00000000        0x1 MCAL/ICU/ICU.o
 .debug_info    0x00000000      0x226 MCAL/ICU/ICU.o
 .debug_abbrev  0x00000000      0x105 MCAL/ICU/ICU.o
 .debug_loc     0x00000000       0x63 MCAL/ICU/ICU.o
 .debug_aranges
                0x00000000       0x38 MCAL/ICU/ICU.o
 .debug_ranges  0x00000000       0x28 MCAL/ICU/ICU.o
 .debug_line    0x00000000      0x1c6 MCAL/ICU/ICU.o
 .debug_str     0x00000000      0x279 MCAL/ICU/ICU.o
 .comment       0x00000000       0x31 MCAL/ICU/ICU.o
 .debug_frame   0x00000000       0x74 MCAL/ICU/ICU.o
 .text          0x00000000        0x0 MCAL/PORT/source/port.o
 .data          0x00000000        0x0 MCAL/PORT/source/port.o
 .bss           0x00000000        0x0 MCAL/PORT/source/port.o
 .text.Port_Init
                0x00000000       0x18 MCAL/PORT/source/port.o
 .text          0x00000000        0x0 MCAL/SPI/sources/SPI.o
 .data          0x00000000        0x0 MCAL/SPI/sources/SPI.o
 .bss           0x00000000        0x0 MCAL/SPI/sources/SPI.o
 .text.SPI_voidMasterInit
                0x00000000       0x32 MCAL/SPI/sources/SPI.o
 .text.SPI_voidSlaveInit
                0x00000000        0xe MCAL/SPI/sources/SPI.o
 .text.SPI_u8transceiveDataSynch
                0x00000000       0x10 MCAL/SPI/sources/SPI.o
 .text.SPI_u8SendDataAsych
                0x00000000        0xa MCAL/SPI/sources/SPI.o
 .text.SPI_u8CheckCollision
                0x00000000        0xa MCAL/SPI/sources/SPI.o
 .text.SPI_enuErrorStateSetCallBackFunc
                0x00000000        0xa MCAL/SPI/sources/SPI.o
 .text          0x00000000        0x0 MCAL/TIMER0/source/TIMER0_prog.o
 .data          0x00000000        0x0 MCAL/TIMER0/source/TIMER0_prog.o
 .bss           0x00000000        0x0 MCAL/TIMER0/source/TIMER0_prog.o
 .text.TIMER0_voidCOModeNonPwm
                0x00000000        0xe MCAL/TIMER0/source/TIMER0_prog.o
 .text.TIMER0_voidCOModeFastPwm
                0x00000000        0xe MCAL/TIMER0/source/TIMER0_prog.o
 .text.TIMER0_voidCOMPhaseCorrectPWM
                0x00000000        0xe MCAL/TIMER0/source/TIMER0_prog.o
 .text.TIMER0_voidClockSelect
                0x00000000       0x14 MCAL/TIMER0/source/TIMER0_prog.o
 .text.TIMER0_voidMode
                0x00000000       0x12 MCAL/TIMER0/source/TIMER0_prog.o
 .text.Timer0_EnableInterupt
                0x00000000        0x8 MCAL/TIMER0/source/TIMER0_prog.o
 .text.Timer0_DisableInterupt
                0x00000000        0x8 MCAL/TIMER0/source/TIMER0_prog.o
 .text.Timer0SetCallBack
                0x00000000        0xa MCAL/TIMER0/source/TIMER0_prog.o
 .text.TIMER_setValMs
                0x00000000       0x2a MCAL/TIMER0/source/TIMER0_prog.o
 .text.TIMER_GETTIMERCOUNT_VAL
                0x00000000        0xc MCAL/TIMER0/source/TIMER0_prog.o
 .text.TIMER0_SET_COUNTER
                0x00000000        0x4 MCAL/TIMER0/source/TIMER0_prog.o
 .text.T0delayOnems
                0x00000000       0x1e MCAL/TIMER0/source/TIMER0_prog.o
 .text          0x00000000        0x0 MCAL/TIMER/TIMER_program.o
 .data          0x00000000        0x0 MCAL/TIMER/TIMER_program.o
 .bss           0x00000000        0x0 MCAL/TIMER/TIMER_program.o
 .text.TIMER0_voidInit
                0x00000000       0x24 MCAL/TIMER/TIMER_program.o
 .text.TIMER1_voidInit
                0x00000000       0x30 MCAL/TIMER/TIMER_program.o
 .text.TIMER0_voidSetPreload
                0x00000000        0x4 MCAL/TIMER/TIMER_program.o
 .text.TIMER1_voidSetPreload
                0x00000000        0x6 MCAL/TIMER/TIMER_program.o
 .text.TIMER2_voidSetPreload
                0x00000000        0x4 MCAL/TIMER/TIMER_program.o
 .text.TIMER0_voidSetCTC
                0x00000000        0x4 MCAL/TIMER/TIMER_program.o
 .text.TIMER1_voidSetCTCA
                0x00000000        0x6 MCAL/TIMER/TIMER_program.o
 .text.TIMER1_voidSetCTCB
                0x00000000        0x6 MCAL/TIMER/TIMER_program.o
 .text.TIMER1_voidSetICR1
                0x00000000        0x6 MCAL/TIMER/TIMER_program.o
 .text.TIMER0_u8GetTimerCounterValue
                0x00000000        0x4 MCAL/TIMER/TIMER_program.o
 .text.TIMER1_u16GetTimerCounterValue
                0x00000000        0x6 MCAL/TIMER/TIMER_program.o
 .text.TIMER2_u8GetTimerCounterValue
                0x00000000        0x4 MCAL/TIMER/TIMER_program.o
 .text.TIMER_voidSetPWM
                0x00000000        0x6 MCAL/TIMER/TIMER_program.o
 .text.TIMER_voidICUInitEnable
                0x00000000        0xe MCAL/TIMER/TIMER_program.o
 .text.TIMER_voidICUSetTriggerEdge
                0x00000000       0x20 MCAL/TIMER/TIMER_program.o
 .text.TIMER_voidICUEnableInterrupt
                0x00000000        0x8 MCAL/TIMER/TIMER_program.o
 .text.TIMER_voidICUDisableInterrupt
                0x00000000        0x8 MCAL/TIMER/TIMER_program.o
 .text.TIMER_u16GetICR
                0x00000000        0x6 MCAL/TIMER/TIMER_program.o
 .text.TIMER_voidWDTSleep
                0x00000000        0xe MCAL/TIMER/TIMER_program.o
 .text.TIMER_voidWDTEnable
                0x00000000        0x8 MCAL/TIMER/TIMER_program.o
 .text.TIMER_voidWDTDisable
                0x00000000        0xa MCAL/TIMER/TIMER_program.o
 .text.TIMER_u8SetCallBack
                0x00000000       0x1c MCAL/TIMER/TIMER_program.o
 .text          0x00000000        0x0 MCAL/UART/UART.o
 .data          0x00000000        0x0 MCAL/UART/UART.o
 .bss           0x00000000        0x0 MCAL/UART/UART.o
 .text.UART_Init
                0x00000000       0x24 MCAL/UART/UART.o
 .text.UART_RX_InterruptEnable
                0x00000000        0x8 MCAL/UART/UART.o
 .text.UART_RX_InterruptDisable
                0x00000000        0x8 MCAL/UART/UART.o
 .text.UART_TX_InterruptEnable
                0x00000000        0x8 MCAL/UART/UART.o
 .text.UART_TX_InterruptDisable
                0x00000000        0x8 MCAL/UART/UART.o
 .text.UART_RX_SetCallBack
                0x00000000        0xa MCAL/UART/UART.o
 .text.UART_TX_SetCallBack
                0x00000000        0xa MCAL/UART/UART.o
 .text.UART_SendByteNoBlock
                0x00000000        0x4 MCAL/UART/UART.o
 .text.UART_ReceiveByteNoBlock
                0x00000000        0x4 MCAL/UART/UART.o
 .text.UART_SendByte
                0x00000000        0x8 MCAL/UART/UART.o
 .text.UART_ReceiveByte
                0x00000000        0x8 MCAL/UART/UART.o
 .text.UART_Receive_NoBlock
                0x00000000       0x12 MCAL/UART/UART.o
 .text.UART_SendString
                0x00000000       0x26 MCAL/UART/UART.o
 .text.UART_ReceiveString
                0x00000000       0x42 MCAL/UART/UART.o
 .rodata.BaudRateArray
                0x00000000       0x48 MCAL/UART/UART.o
 .text          0x00000000        0x0 MCAL/UART/UART2.o
 .data          0x00000000        0x0 MCAL/UART/UART2.o
 .bss           0x00000000        0x0 MCAL/UART/UART2.o
 .debug_line    0x00000000        0x0 MCAL/UART/UART2.o
 .debug_str     0x00000000       0xf1 MCAL/UART/UART2.o
 .comment       0x00000000       0x31 MCAL/UART/UART2.o
 .text          0x00000000        0x0 MCAL/WDT/source/WDT.o
 .data          0x00000000        0x0 MCAL/WDT/source/WDT.o
 .bss           0x00000000        0x0 MCAL/WDT/source/WDT.o
 .text.WDT_voidEnable
                0x00000000        0x8 MCAL/WDT/source/WDT.o
 .text.WDT_voidDisable
                0x00000000        0x8 MCAL/WDT/source/WDT.o
 .text.WDT_voidSleep
                0x00000000       0x12 MCAL/WDT/source/WDT.o
 .debug_info    0x00000000       0xbe MCAL/WDT/source/WDT.o
 .debug_abbrev  0x00000000       0x6d MCAL/WDT/source/WDT.o
 .debug_loc     0x00000000       0x21 MCAL/WDT/source/WDT.o
 .debug_aranges
                0x00000000       0x30 MCAL/WDT/source/WDT.o
 .debug_ranges  0x00000000       0x20 MCAL/WDT/source/WDT.o
 .debug_line    0x00000000       0xbe MCAL/WDT/source/WDT.o
 .debug_str     0x00000000      0x1ad MCAL/WDT/source/WDT.o
 .comment       0x00000000       0x31 MCAL/WDT/source/WDT.o
 .debug_frame   0x00000000       0x44 MCAL/WDT/source/WDT.o
 .text          0x00000000        0x0 services/OS/OS_program.o
 .data          0x00000000        0x0 services/OS/OS_program.o
 .bss           0x00000000        0x0 services/OS/OS_program.o
 .text.SCHEDULER
                0x00000000       0x9e services/OS/OS_program.o
 .text.OS_voidCreateTask
                0x00000000       0x32 services/OS/OS_program.o
 .text.OS_voidStart
                0x00000000       0x18 services/OS/OS_program.o
 .text.OS_voidSuspendTask
                0x00000000       0x1e services/OS/OS_program.o
 .text.OS_voidDeletTask
                0x00000000       0x1e services/OS/OS_program.o
 .text.OS_voidResumeTask
                0x00000000       0x1e services/OS/OS_program.o
 .bss.OStasks   0x00000000        0xe services/OS/OS_program.o
 .debug_info    0x00000000      0x2ba services/OS/OS_program.o
 .debug_abbrev  0x00000000      0x160 services/OS/OS_program.o
 .debug_loc     0x00000000      0x11f services/OS/OS_program.o
 .debug_aranges
                0x00000000       0x48 services/OS/OS_program.o
 .debug_ranges  0x00000000       0x38 services/OS/OS_program.o
 .debug_line    0x00000000      0x1ad services/OS/OS_program.o
 .debug_str     0x00000000      0x28d services/OS/OS_program.o
 .comment       0x00000000       0x31 services/OS/OS_program.o
 .debug_frame   0x00000000       0x88 services/OS/OS_program.o
 .text          0x00000000        0x0 c:/program files (x86)/atmel/studio/7.0/toolchain/avr8/avr8-gnu-toolchain/bin/../lib/gcc/avr/5.4.0/../../../../avr/lib/avr5\libm.a(cmpsf2.o)
 .data          0x00000000        0x0 c:/program files (x86)/atmel/studio/7.0/toolchain/avr8/avr8-gnu-toolchain/bin/../lib/gcc/avr/5.4.0/../../../../avr/lib/avr5\libm.a(cmpsf2.o)
 .bss           0x00000000        0x0 c:/program files (x86)/atmel/studio/7.0/toolchain/avr8/avr8-gnu-toolchain/bin/../lib/gcc/avr/5.4.0/../../../../avr/lib/avr5\libm.a(cmpsf2.o)
 .text.avr-libc.fplib
                0x00000000        0xa c:/program files (x86)/atmel/studio/7.0/toolchain/avr8/avr8-gnu-toolchain/bin/../lib/gcc/avr/5.4.0/../../../../avr/lib/avr5\libm.a(cmpsf2.o)
 .text          0x00000000        0x0 c:/program files (x86)/atmel/studio/7.0/toolchain/avr8/avr8-gnu-toolchain/bin/../lib/gcc/avr/5.4.0/../../../../avr/lib/avr5\libm.a(divsf3.o)
 .data          0x00000000        0x0 c:/program files (x86)/atmel/studio/7.0/toolchain/avr8/avr8-gnu-toolchain/bin/../lib/gcc/avr/5.4.0/../../../../avr/lib/avr5\libm.a(divsf3.o)
 .bss           0x00000000        0x0 c:/program files (x86)/atmel/studio/7.0/toolchain/avr8/avr8-gnu-toolchain/bin/../lib/gcc/avr/5.4.0/../../../../avr/lib/avr5\libm.a(divsf3.o)
 .text.avr-libc.fplib
                0x00000000        0x8 c:/program files (x86)/atmel/studio/7.0/toolchain/avr8/avr8-gnu-toolchain/bin/../lib/gcc/avr/5.4.0/../../../../avr/lib/avr5\libm.a(divsf3.o)
 .text          0x00000000        0x0 c:/program files (x86)/atmel/studio/7.0/toolchain/avr8/avr8-gnu-toolchain/bin/../lib/gcc/avr/5.4.0/../../../../avr/lib/avr5\libm.a(divsf3x.o)
 .data          0x00000000        0x0 c:/program files (x86)/atmel/studio/7.0/toolchain/avr8/avr8-gnu-toolchain/bin/../lib/gcc/avr/5.4.0/../../../../avr/lib/avr5\libm.a(divsf3x.o)
 .bss           0x00000000        0x0 c:/program files (x86)/atmel/studio/7.0/toolchain/avr8/avr8-gnu-toolchain/bin/../lib/gcc/avr/5.4.0/../../../../avr/lib/avr5\libm.a(divsf3x.o)
 .text.avr-libc.fplib
                0x00000000       0xdc c:/program files (x86)/atmel/studio/7.0/toolchain/avr8/avr8-gnu-toolchain/bin/../lib/gcc/avr/5.4.0/../../../../avr/lib/avr5\libm.a(divsf3x.o)
 .text          0x00000000        0x0 c:/program files (x86)/atmel/studio/7.0/toolchain/avr8/avr8-gnu-toolchain/bin/../lib/gcc/avr/5.4.0/../../../../avr/lib/avr5\libm.a(fixunssfsi.o)
 .data          0x00000000        0x0 c:/program files (x86)/atmel/studio/7.0/toolchain/avr8/avr8-gnu-toolchain/bin/../lib/gcc/avr/5.4.0/../../../../avr/lib/avr5\libm.a(fixunssfsi.o)
 .bss           0x00000000        0x0 c:/program files (x86)/atmel/studio/7.0/toolchain/avr8/avr8-gnu-toolchain/bin/../lib/gcc/avr/5.4.0/../../../../avr/lib/avr5\libm.a(fixunssfsi.o)
 .text.avr-libc.fplib
                0x00000000       0x5e c:/program files (x86)/atmel/studio/7.0/toolchain/avr8/avr8-gnu-toolchain/bin/../lib/gcc/avr/5.4.0/../../../../avr/lib/avr5\libm.a(fixunssfsi.o)
 .text          0x00000000        0x0 c:/program files (x86)/atmel/studio/7.0/toolchain/avr8/avr8-gnu-toolchain/bin/../lib/gcc/avr/5.4.0/../../../../avr/lib/avr5\libm.a(floatsisf.o)
 .data          0x00000000        0x0 c:/program files (x86)/atmel/studio/7.0/toolchain/avr8/avr8-gnu-toolchain/bin/../lib/gcc/avr/5.4.0/../../../../avr/lib/avr5\libm.a(floatsisf.o)
 .bss           0x00000000        0x0 c:/program files (x86)/atmel/studio/7.0/toolchain/avr8/avr8-gnu-toolchain/bin/../lib/gcc/avr/5.4.0/../../../../avr/lib/avr5\libm.a(floatsisf.o)
 .text.avr-libc.fplib
                0x00000000       0x7a c:/program files (x86)/atmel/studio/7.0/toolchain/avr8/avr8-gnu-toolchain/bin/../lib/gcc/avr/5.4.0/../../../../avr/lib/avr5\libm.a(floatsisf.o)
 .text          0x00000000        0x0 c:/program files (x86)/atmel/studio/7.0/toolchain/avr8/avr8-gnu-toolchain/bin/../lib/gcc/avr/5.4.0/../../../../avr/lib/avr5\libm.a(fp_cmp.o)
 .data          0x00000000        0x0 c:/program files (x86)/atmel/studio/7.0/toolchain/avr8/avr8-gnu-toolchain/bin/../lib/gcc/avr/5.4.0/../../../../avr/lib/avr5\libm.a(fp_cmp.o)
 .bss           0x00000000        0x0 c:/program files (x86)/atmel/studio/7.0/toolchain/avr8/avr8-gnu-toolchain/bin/../lib/gcc/avr/5.4.0/../../../../avr/lib/avr5\libm.a(fp_cmp.o)
 .text.avr-libc.fplib
                0x00000000       0x48 c:/program files (x86)/atmel/studio/7.0/toolchain/avr8/avr8-gnu-toolchain/bin/../lib/gcc/avr/5.4.0/../../../../avr/lib/avr5\libm.a(fp_cmp.o)
 .text          0x00000000        0x0 c:/program files (x86)/atmel/studio/7.0/toolchain/avr8/avr8-gnu-toolchain/bin/../lib/gcc/avr/5.4.0/../../../../avr/lib/avr5\libm.a(fp_inf.o)
 .data          0x00000000        0x0 c:/program files (x86)/atmel/studio/7.0/toolchain/avr8/avr8-gnu-toolchain/bin/../lib/gcc/avr/5.4.0/../../../../avr/lib/avr5\libm.a(fp_inf.o)
 .bss           0x00000000        0x0 c:/program files (x86)/atmel/studio/7.0/toolchain/avr8/avr8-gnu-toolchain/bin/../lib/gcc/avr/5.4.0/../../../../avr/lib/avr5\libm.a(fp_inf.o)
 .text.avr-libc.fplib
                0x00000000        0xc c:/program files (x86)/atmel/studio/7.0/toolchain/avr8/avr8-gnu-toolchain/bin/../lib/gcc/avr/5.4.0/../../../../avr/lib/avr5\libm.a(fp_inf.o)
 .text          0x00000000        0x0 c:/program files (x86)/atmel/studio/7.0/toolchain/avr8/avr8-gnu-toolchain/bin/../lib/gcc/avr/5.4.0/../../../../avr/lib/avr5\libm.a(fp_nan.o)
 .data          0x00000000        0x0 c:/program files (x86)/atmel/studio/7.0/toolchain/avr8/avr8-gnu-toolchain/bin/../lib/gcc/avr/5.4.0/../../../../avr/lib/avr5\libm.a(fp_nan.o)
 .bss           0x00000000        0x0 c:/program files (x86)/atmel/studio/7.0/toolchain/avr8/avr8-gnu-toolchain/bin/../lib/gcc/avr/5.4.0/../../../../avr/lib/avr5\libm.a(fp_nan.o)
 .text.avr-libc.fplib
                0x00000000        0x6 c:/program files (x86)/atmel/studio/7.0/toolchain/avr8/avr8-gnu-toolchain/bin/../lib/gcc/avr/5.4.0/../../../../avr/lib/avr5\libm.a(fp_nan.o)
 .text          0x00000000        0x0 c:/program files (x86)/atmel/studio/7.0/toolchain/avr8/avr8-gnu-toolchain/bin/../lib/gcc/avr/5.4.0/../../../../avr/lib/avr5\libm.a(fp_pscA.o)
 .data          0x00000000        0x0 c:/program files (x86)/atmel/studio/7.0/toolchain/avr8/avr8-gnu-toolchain/bin/../lib/gcc/avr/5.4.0/../../../../avr/lib/avr5\libm.a(fp_pscA.o)
 .bss           0x00000000        0x0 c:/program files (x86)/atmel/studio/7.0/toolchain/avr8/avr8-gnu-toolchain/bin/../lib/gcc/avr/5.4.0/../../../../avr/lib/avr5\libm.a(fp_pscA.o)
 .text.avr-libc.fplib
                0x00000000        0xe c:/program files (x86)/atmel/studio/7.0/toolchain/avr8/avr8-gnu-toolchain/bin/../lib/gcc/avr/5.4.0/../../../../avr/lib/avr5\libm.a(fp_pscA.o)
 .text          0x00000000        0x0 c:/program files (x86)/atmel/studio/7.0/toolchain/avr8/avr8-gnu-toolchain/bin/../lib/gcc/avr/5.4.0/../../../../avr/lib/avr5\libm.a(fp_pscB.o)
 .data          0x00000000        0x0 c:/program files (x86)/atmel/studio/7.0/toolchain/avr8/avr8-gnu-toolchain/bin/../lib/gcc/avr/5.4.0/../../../../avr/lib/avr5\libm.a(fp_pscB.o)
 .bss           0x00000000        0x0 c:/program files (x86)/atmel/studio/7.0/toolchain/avr8/avr8-gnu-toolchain/bin/../lib/gcc/avr/5.4.0/../../../../avr/lib/avr5\libm.a(fp_pscB.o)
 .text.avr-libc.fplib
                0x00000000        0xe c:/program files (x86)/atmel/studio/7.0/toolchain/avr8/avr8-gnu-toolchain/bin/../lib/gcc/avr/5.4.0/../../../../avr/lib/avr5\libm.a(fp_pscB.o)
 .text          0x00000000        0x0 c:/program files (x86)/atmel/studio/7.0/toolchain/avr8/avr8-gnu-toolchain/bin/../lib/gcc/avr/5.4.0/../../../../avr/lib/avr5\libm.a(fp_round.o)
 .data          0x00000000        0x0 c:/program files (x86)/atmel/studio/7.0/toolchain/avr8/avr8-gnu-toolchain/bin/../lib/gcc/avr/5.4.0/../../../../avr/lib/avr5\libm.a(fp_round.o)
 .bss           0x00000000        0x0 c:/program files (x86)/atmel/studio/7.0/toolchain/avr8/avr8-gnu-toolchain/bin/../lib/gcc/avr/5.4.0/../../../../avr/lib/avr5\libm.a(fp_round.o)
 .text.avr-libc.fplib
                0x00000000       0x22 c:/program files (x86)/atmel/studio/7.0/toolchain/avr8/avr8-gnu-toolchain/bin/../lib/gcc/avr/5.4.0/../../../../avr/lib/avr5\libm.a(fp_round.o)
 .text          0x00000000        0x0 c:/program files (x86)/atmel/studio/7.0/toolchain/avr8/avr8-gnu-toolchain/bin/../lib/gcc/avr/5.4.0/../../../../avr/lib/avr5\libm.a(fp_split3.o)
 .data          0x00000000        0x0 c:/program files (x86)/atmel/studio/7.0/toolchain/avr8/avr8-gnu-toolchain/bin/../lib/gcc/avr/5.4.0/../../../../avr/lib/avr5\libm.a(fp_split3.o)
 .bss           0x00000000        0x0 c:/program files (x86)/atmel/studio/7.0/toolchain/avr8/avr8-gnu-toolchain/bin/../lib/gcc/avr/5.4.0/../../../../avr/lib/avr5\libm.a(fp_split3.o)
 .text.avr-libc.fplib
                0x00000000       0x44 c:/program files (x86)/atmel/studio/7.0/toolchain/avr8/avr8-gnu-toolchain/bin/../lib/gcc/avr/5.4.0/../../../../avr/lib/avr5\libm.a(fp_split3.o)
 .text          0x00000000        0x0 c:/program files (x86)/atmel/studio/7.0/toolchain/avr8/avr8-gnu-toolchain/bin/../lib/gcc/avr/5.4.0/../../../../avr/lib/avr5\libm.a(fp_zero.o)
 .data          0x00000000        0x0 c:/program files (x86)/atmel/studio/7.0/toolchain/avr8/avr8-gnu-toolchain/bin/../lib/gcc/avr/5.4.0/../../../../avr/lib/avr5\libm.a(fp_zero.o)
 .bss           0x00000000        0x0 c:/program files (x86)/atmel/studio/7.0/toolchain/avr8/avr8-gnu-toolchain/bin/../lib/gcc/avr/5.4.0/../../../../avr/lib/avr5\libm.a(fp_zero.o)
 .text.avr-libc.fplib
                0x00000000        0xe c:/program files (x86)/atmel/studio/7.0/toolchain/avr8/avr8-gnu-toolchain/bin/../lib/gcc/avr/5.4.0/../../../../avr/lib/avr5\libm.a(fp_zero.o)
 .text          0x00000000        0x0 c:/program files (x86)/atmel/studio/7.0/toolchain/avr8/avr8-gnu-toolchain/bin/../lib/gcc/avr/5.4.0/../../../../avr/lib/avr5\libm.a(mulsf3.o)
 .data          0x00000000        0x0 c:/program files (x86)/atmel/studio/7.0/toolchain/avr8/avr8-gnu-toolchain/bin/../lib/gcc/avr/5.4.0/../../../../avr/lib/avr5\libm.a(mulsf3.o)
 .bss           0x00000000        0x0 c:/program files (x86)/atmel/studio/7.0/toolchain/avr8/avr8-gnu-toolchain/bin/../lib/gcc/avr/5.4.0/../../../../avr/lib/avr5\libm.a(mulsf3.o)
 .text.avr-libc.fplib
                0x00000000        0x8 c:/program files (x86)/atmel/studio/7.0/toolchain/avr8/avr8-gnu-toolchain/bin/../lib/gcc/avr/5.4.0/../../../../avr/lib/avr5\libm.a(mulsf3.o)
 .text          0x00000000        0x0 c:/program files (x86)/atmel/studio/7.0/toolchain/avr8/avr8-gnu-toolchain/bin/../lib/gcc/avr/5.4.0/../../../../avr/lib/avr5\libm.a(mulsf3x.o)
 .data          0x00000000        0x0 c:/program files (x86)/atmel/studio/7.0/toolchain/avr8/avr8-gnu-toolchain/bin/../lib/gcc/avr/5.4.0/../../../../avr/lib/avr5\libm.a(mulsf3x.o)
 .bss           0x00000000        0x0 c:/program files (x86)/atmel/studio/7.0/toolchain/avr8/avr8-gnu-toolchain/bin/../lib/gcc/avr/5.4.0/../../../../avr/lib/avr5\libm.a(mulsf3x.o)
 .text.avr-libc.fplib
                0x00000000       0xd2 c:/program files (x86)/atmel/studio/7.0/toolchain/avr8/avr8-gnu-toolchain/bin/../lib/gcc/avr/5.4.0/../../../../avr/lib/avr5\libm.a(mulsf3x.o)
 .text          0x00000000        0x0 c:/program files (x86)/atmel/studio/7.0/toolchain/avr8/avr8-gnu-toolchain/bin/../lib/gcc/avr/5.4.0/avr5\libgcc.a(_udivmodhi4.o)
 .data          0x00000000        0x0 c:/program files (x86)/atmel/studio/7.0/toolchain/avr8/avr8-gnu-toolchain/bin/../lib/gcc/avr/5.4.0/avr5\libgcc.a(_udivmodhi4.o)
 .bss           0x00000000        0x0 c:/program files (x86)/atmel/studio/7.0/toolchain/avr8/avr8-gnu-toolchain/bin/../lib/gcc/avr/5.4.0/avr5\libgcc.a(_udivmodhi4.o)
 .text.libgcc.mul
                0x00000000        0x0 c:/program files (x86)/atmel/studio/7.0/toolchain/avr8/avr8-gnu-toolchain/bin/../lib/gcc/avr/5.4.0/avr5\libgcc.a(_udivmodhi4.o)
 .text.libgcc   0x00000000        0x0 c:/program files (x86)/atmel/studio/7.0/toolchain/avr8/avr8-gnu-toolchain/bin/../lib/gcc/avr/5.4.0/avr5\libgcc.a(_udivmodhi4.o)
 .text.libgcc.prologue
                0x00000000        0x0 c:/program files (x86)/atmel/studio/7.0/toolchain/avr8/avr8-gnu-toolchain/bin/../lib/gcc/avr/5.4.0/avr5\libgcc.a(_udivmodhi4.o)
 .text.libgcc.builtins
                0x00000000        0x0 c:/program files (x86)/atmel/studio/7.0/toolchain/avr8/avr8-gnu-toolchain/bin/../lib/gcc/avr/5.4.0/avr5\libgcc.a(_udivmodhi4.o)
 .text.libgcc.fmul
                0x00000000        0x0 c:/program files (x86)/atmel/studio/7.0/toolchain/avr8/avr8-gnu-toolchain/bin/../lib/gcc/avr/5.4.0/avr5\libgcc.a(_udivmodhi4.o)
 .text.libgcc.fixed
                0x00000000        0x0 c:/program files (x86)/atmel/studio/7.0/toolchain/avr8/avr8-gnu-toolchain/bin/../lib/gcc/avr/5.4.0/avr5\libgcc.a(_udivmodhi4.o)
 .text          0x00000000        0x0 c:/program files (x86)/atmel/studio/7.0/toolchain/avr8/avr8-gnu-toolchain/bin/../lib/gcc/avr/5.4.0/avr5\libgcc.a(_udivmodsi4.o)
 .data          0x00000000        0x0 c:/program files (x86)/atmel/studio/7.0/toolchain/avr8/avr8-gnu-toolchain/bin/../lib/gcc/avr/5.4.0/avr5\libgcc.a(_udivmodsi4.o)
 .bss           0x00000000        0x0 c:/program files (x86)/atmel/studio/7.0/toolchain/avr8/avr8-gnu-toolchain/bin/../lib/gcc/avr/5.4.0/avr5\libgcc.a(_udivmodsi4.o)
 .text.libgcc.mul
                0x00000000        0x0 c:/program files (x86)/atmel/studio/7.0/toolchain/avr8/avr8-gnu-toolchain/bin/../lib/gcc/avr/5.4.0/avr5\libgcc.a(_udivmodsi4.o)
 .text.libgcc.div
                0x00000000       0x44 c:/program files (x86)/atmel/studio/7.0/toolchain/avr8/avr8-gnu-toolchain/bin/../lib/gcc/avr/5.4.0/avr5\libgcc.a(_udivmodsi4.o)
 .text.libgcc   0x00000000        0x0 c:/program files (x86)/atmel/studio/7.0/toolchain/avr8/avr8-gnu-toolchain/bin/../lib/gcc/avr/5.4.0/avr5\libgcc.a(_udivmodsi4.o)
 .text.libgcc.prologue
                0x00000000        0x0 c:/program files (x86)/atmel/studio/7.0/toolchain/avr8/avr8-gnu-toolchain/bin/../lib/gcc/avr/5.4.0/avr5\libgcc.a(_udivmodsi4.o)
 .text.libgcc.builtins
                0x00000000        0x0 c:/program files (x86)/atmel/studio/7.0/toolchain/avr8/avr8-gnu-toolchain/bin/../lib/gcc/avr/5.4.0/avr5\libgcc.a(_udivmodsi4.o)
 .text.libgcc.fmul
                0x00000000        0x0 c:/program files (x86)/atmel/studio/7.0/toolchain/avr8/avr8-gnu-toolchain/bin/../lib/gcc/avr/5.4.0/avr5\libgcc.a(_udivmodsi4.o)
 .text.libgcc.fixed
                0x00000000        0x0 c:/program files (x86)/atmel/studio/7.0/toolchain/avr8/avr8-gnu-toolchain/bin/../lib/gcc/avr/5.4.0/avr5\libgcc.a(_udivmodsi4.o)
 .text          0x00000000        0x0 c:/program files (x86)/atmel/studio/7.0/toolchain/avr8/avr8-gnu-toolchain/bin/../lib/gcc/avr/5.4.0/avr5\libgcc.a(_exit.o)
 .data          0x00000000        0x0 c:/program files (x86)/atmel/studio/7.0/toolchain/avr8/avr8-gnu-toolchain/bin/../lib/gcc/avr/5.4.0/avr5\libgcc.a(_exit.o)
 .bss           0x00000000        0x0 c:/program files (x86)/atmel/studio/7.0/toolchain/avr8/avr8-gnu-toolchain/bin/../lib/gcc/avr/5.4.0/avr5\libgcc.a(_exit.o)
 .text.libgcc.mul
                0x00000000        0x0 c:/program files (x86)/atmel/studio/7.0/toolchain/avr8/avr8-gnu-toolchain/bin/../lib/gcc/avr/5.4.0/avr5\libgcc.a(_exit.o)
 .text.libgcc.div
                0x00000000        0x0 c:/program files (x86)/atmel/studio/7.0/toolchain/avr8/avr8-gnu-toolchain/bin/../lib/gcc/avr/5.4.0/avr5\libgcc.a(_exit.o)
 .text.libgcc   0x00000000        0x0 c:/program files (x86)/atmel/studio/7.0/toolchain/avr8/avr8-gnu-toolchain/bin/../lib/gcc/avr/5.4.0/avr5\libgcc.a(_exit.o)
 .text.libgcc.prologue
                0x00000000        0x0 c:/program files (x86)/atmel/studio/7.0/toolchain/avr8/avr8-gnu-toolchain/bin/../lib/gcc/avr/5.4.0/avr5\libgcc.a(_exit.o)
 .text.libgcc.builtins
                0x00000000        0x0 c:/program files (x86)/atmel/studio/7.0/toolchain/avr8/avr8-gnu-toolchain/bin/../lib/gcc/avr/5.4.0/avr5\libgcc.a(_exit.o)
 .text.libgcc.fmul
                0x00000000        0x0 c:/program files (x86)/atmel/studio/7.0/toolchain/avr8/avr8-gnu-toolchain/bin/../lib/gcc/avr/5.4.0/avr5\libgcc.a(_exit.o)
 .text.libgcc.fixed
                0x00000000        0x0 c:/program files (x86)/atmel/studio/7.0/toolchain/avr8/avr8-gnu-toolchain/bin/../lib/gcc/avr/5.4.0/avr5\libgcc.a(_exit.o)
 .text          0x00000000        0x0 c:/program files (x86)/atmel/studio/7.0/toolchain/avr8/avr8-gnu-toolchain/bin/../lib/gcc/avr/5.4.0/avr5\libgcc.a(_copy_data.o)
 .data          0x00000000        0x0 c:/program files (x86)/atmel/studio/7.0/toolchain/avr8/avr8-gnu-toolchain/bin/../lib/gcc/avr/5.4.0/avr5\libgcc.a(_copy_data.o)
 .bss           0x00000000        0x0 c:/program files (x86)/atmel/studio/7.0/toolchain/avr8/avr8-gnu-toolchain/bin/../lib/gcc/avr/5.4.0/avr5\libgcc.a(_copy_data.o)
 .text.libgcc.mul
                0x00000000        0x0 c:/program files (x86)/atmel/studio/7.0/toolchain/avr8/avr8-gnu-toolchain/bin/../lib/gcc/avr/5.4.0/avr5\libgcc.a(_copy_data.o)
 .text.libgcc.div
                0x00000000        0x0 c:/program files (x86)/atmel/studio/7.0/toolchain/avr8/avr8-gnu-toolchain/bin/../lib/gcc/avr/5.4.0/avr5\libgcc.a(_copy_data.o)
 .text.libgcc   0x00000000        0x0 c:/program files (x86)/atmel/studio/7.0/toolchain/avr8/avr8-gnu-toolchain/bin/../lib/gcc/avr/5.4.0/avr5\libgcc.a(_copy_data.o)
 .text.libgcc.prologue
                0x00000000        0x0 c:/program files (x86)/atmel/studio/7.0/toolchain/avr8/avr8-gnu-toolchain/bin/../lib/gcc/avr/5.4.0/avr5\libgcc.a(_copy_data.o)
 .text.libgcc.builtins
                0x00000000        0x0 c:/program files (x86)/atmel/studio/7.0/toolchain/avr8/avr8-gnu-toolchain/bin/../lib/gcc/avr/5.4.0/avr5\libgcc.a(_copy_data.o)
 .text.libgcc.fmul
                0x00000000        0x0 c:/program files (x86)/atmel/studio/7.0/toolchain/avr8/avr8-gnu-toolchain/bin/../lib/gcc/avr/5.4.0/avr5\libgcc.a(_copy_data.o)
 .text.libgcc.fixed
                0x00000000        0x0 c:/program files (x86)/atmel/studio/7.0/toolchain/avr8/avr8-gnu-toolchain/bin/../lib/gcc/avr/5.4.0/avr5\libgcc.a(_copy_data.o)
 .text          0x00000000        0x0 c:/program files (x86)/atmel/studio/7.0/toolchain/avr8/avr8-gnu-toolchain/bin/../lib/gcc/avr/5.4.0/avr5\libgcc.a(_clear_bss.o)
 .data          0x00000000        0x0 c:/program files (x86)/atmel/studio/7.0/toolchain/avr8/avr8-gnu-toolchain/bin/../lib/gcc/avr/5.4.0/avr5\libgcc.a(_clear_bss.o)
 .bss           0x00000000        0x0 c:/program files (x86)/atmel/studio/7.0/toolchain/avr8/avr8-gnu-toolchain/bin/../lib/gcc/avr/5.4.0/avr5\libgcc.a(_clear_bss.o)
 .text.libgcc.mul
                0x00000000        0x0 c:/program files (x86)/atmel/studio/7.0/toolchain/avr8/avr8-gnu-toolchain/bin/../lib/gcc/avr/5.4.0/avr5\libgcc.a(_clear_bss.o)
 .text.libgcc.div
                0x00000000        0x0 c:/program files (x86)/atmel/studio/7.0/toolchain/avr8/avr8-gnu-toolchain/bin/../lib/gcc/avr/5.4.0/avr5\libgcc.a(_clear_bss.o)
 .text.libgcc   0x00000000        0x0 c:/program files (x86)/atmel/studio/7.0/toolchain/avr8/avr8-gnu-toolchain/bin/../lib/gcc/avr/5.4.0/avr5\libgcc.a(_clear_bss.o)
 .text.libgcc.prologue
                0x00000000        0x0 c:/program files (x86)/atmel/studio/7.0/toolchain/avr8/avr8-gnu-toolchain/bin/../lib/gcc/avr/5.4.0/avr5\libgcc.a(_clear_bss.o)
 .text.libgcc.builtins
                0x00000000        0x0 c:/program files (x86)/atmel/studio/7.0/toolchain/avr8/avr8-gnu-toolchain/bin/../lib/gcc/avr/5.4.0/avr5\libgcc.a(_clear_bss.o)
 .text.libgcc.fmul
                0x00000000        0x0 c:/program files (x86)/atmel/studio/7.0/toolchain/avr8/avr8-gnu-toolchain/bin/../lib/gcc/avr/5.4.0/avr5\libgcc.a(_clear_bss.o)
 .text.libgcc.fixed
                0x00000000        0x0 c:/program files (x86)/atmel/studio/7.0/toolchain/avr8/avr8-gnu-toolchain/bin/../lib/gcc/avr/5.4.0/avr5\libgcc.a(_clear_bss.o)
 .text          0x00000000        0x0 c:/program files (x86)/atmel/studio/7.0/toolchain/avr8/avr8-gnu-toolchain/bin/../lib/gcc/avr/5.4.0/avr5\libgcc.a(_umulhisi3.o)
 .data          0x00000000        0x0 c:/program files (x86)/atmel/studio/7.0/toolchain/avr8/avr8-gnu-toolchain/bin/../lib/gcc/avr/5.4.0/avr5\libgcc.a(_umulhisi3.o)
 .bss           0x00000000        0x0 c:/program files (x86)/atmel/studio/7.0/toolchain/avr8/avr8-gnu-toolchain/bin/../lib/gcc/avr/5.4.0/avr5\libgcc.a(_umulhisi3.o)
 .text.libgcc.div
                0x00000000        0x0 c:/program files (x86)/atmel/studio/7.0/toolchain/avr8/avr8-gnu-toolchain/bin/../lib/gcc/avr/5.4.0/avr5\libgcc.a(_umulhisi3.o)
 .text.libgcc   0x00000000        0x0 c:/program files (x86)/atmel/studio/7.0/toolchain/avr8/avr8-gnu-toolchain/bin/../lib/gcc/avr/5.4.0/avr5\libgcc.a(_umulhisi3.o)
 .text.libgcc.prologue
                0x00000000        0x0 c:/program files (x86)/atmel/studio/7.0/toolchain/avr8/avr8-gnu-toolchain/bin/../lib/gcc/avr/5.4.0/avr5\libgcc.a(_umulhisi3.o)
 .text.libgcc.builtins
                0x00000000        0x0 c:/program files (x86)/atmel/studio/7.0/toolchain/avr8/avr8-gnu-toolchain/bin/../lib/gcc/avr/5.4.0/avr5\libgcc.a(_umulhisi3.o)
 .text.libgcc.fmul
                0x00000000        0x0 c:/program files (x86)/atmel/studio/7.0/toolchain/avr8/avr8-gnu-toolchain/bin/../lib/gcc/avr/5.4.0/avr5\libgcc.a(_umulhisi3.o)
 .text.libgcc.fixed
                0x00000000        0x0 c:/program files (x86)/atmel/studio/7.0/toolchain/avr8/avr8-gnu-toolchain/bin/../lib/gcc/avr/5.4.0/avr5\libgcc.a(_umulhisi3.o)
 .text          0x00000000        0x0 c:/program files (x86)/atmel/studio/7.0/toolchain/avr8/avr8-gnu-toolchain/bin/../lib/gcc/avr/5.4.0/../../../../avr/lib/avr5\libc.a(memcpy.o)
 .data          0x00000000        0x0 c:/program files (x86)/atmel/studio/7.0/toolchain/avr8/avr8-gnu-toolchain/bin/../lib/gcc/avr/5.4.0/../../../../avr/lib/avr5\libc.a(memcpy.o)
 .bss           0x00000000        0x0 c:/program files (x86)/atmel/studio/7.0/toolchain/avr8/avr8-gnu-toolchain/bin/../lib/gcc/avr/5.4.0/../../../../avr/lib/avr5\libc.a(memcpy.o)

Memory Configuration

Name             Origin             Length             Attributes
text             0x00000000         0x00008000         xr
data             0x00800060         0x00000800         rw !x
eeprom           0x00810000         0x00000400         rw !x
fuse             0x00820000         0x00000002         rw !x
lock             0x00830000         0x00000400         rw !x
signature        0x00840000         0x00000400         rw !x
user_signatures  0x00850000         0x00000400         rw !x
*default*        0x00000000         0xffffffff

Linker script and memory map

LOAD c:/program files (x86)/atmel/studio/7.0/toolchain/avr8/avr8-gnu-toolchain/bin/../lib/gcc/avr/5.4.0/../../../../avr/lib/avr5/crtatmega32.o
LOAD FreeRTOS/Source/croutine.o
LOAD FreeRTOS/Source/event_groups.o
LOAD FreeRTOS/Source/list.o
LOAD FreeRTOS/Source/portable/GCC/ATMega323/port.o
LOAD FreeRTOS/Source/portable/MemMang/heap_1.o
LOAD FreeRTOS/Source/queue.o
LOAD FreeRTOS/Source/stream_buffer.o
LOAD FreeRTOS/Source/tasks.o
LOAD FreeRTOS/Source/timers.o
LOAD main.o
LOAD HAL/7_segment/sev_segment.o
LOAD HAL/KEYPAD/source/KEYPAD.o
LOAD HAL/LCD/LCD.o
LOAD MCAL/ADC/source/ADC.o
LOAD MCAL/DIO/source/DIO.o
LOAD MCAL/EXT_INTERUPT/source/external_interrupt.o
LOAD MCAL/I2C/I2C.o
LOAD MCAL/ICU/ICU.o
LOAD MCAL/PORT/source/port.o
LOAD MCAL/SPI/sources/SPI.o
LOAD MCAL/TIMER0/source/TIMER0_prog.o
LOAD MCAL/TIMER/TIMER_program.o
LOAD MCAL/UART/UART.o
LOAD MCAL/UART/UART2.o
LOAD MCAL/WDT/source/WDT.o
LOAD services/OS/OS_program.o
START GROUP
LOAD c:/program files (x86)/atmel/studio/7.0/toolchain/avr8/avr8-gnu-toolchain/bin/../lib/gcc/avr/5.4.0/../../../../avr/lib/avr5\libm.a
END GROUP
START GROUP
LOAD c:/program files (x86)/atmel/studio/7.0/toolchain/avr8/avr8-gnu-toolchain/bin/../lib/gcc/avr/5.4.0/avr5\libgcc.a
LOAD c:/program files (x86)/atmel/studio/7.0/toolchain/avr8/avr8-gnu-toolchain/bin/../lib/gcc/avr/5.4.0/../../../../avr/lib/avr5\libm.a
LOAD c:/program files (x86)/atmel/studio/7.0/toolchain/avr8/avr8-gnu-toolchain/bin/../lib/gcc/avr/5.4.0/../../../../avr/lib/avr5\libc.a
LOAD c:/program files (x86)/atmel/studio/7.0/toolchain/avr8/avr8-gnu-toolchain/bin/../lib/gcc/avr/5.4.0/../../../../avr/lib/avr5\libatmega32.a
END GROUP
                0x00000000                __TEXT_REGION_ORIGIN__ = DEFINED (__TEXT_REGION_ORIGIN__)?__TEXT_REGION_ORIGIN__:0x0
                [0x00800060]                __DATA_REGION_ORIGIN__ = DEFINED (__DATA_REGION_ORIGIN__)?__DATA_REGION_ORIGIN__:0x800060
                [0x00008000]                __TEXT_REGION_LENGTH__ = DEFINED (__TEXT_REGION_LENGTH__)?__TEXT_REGION_LENGTH__:0x20000
                [0x00000800]                __DATA_REGION_LENGTH__ = DEFINED (__DATA_REGION_LENGTH__)?__DATA_REGION_LENGTH__:0xffa0
                [0x00000400]                __EEPROM_REGION_LENGTH__ = DEFINED (__EEPROM_REGION_LENGTH__)?__EEPROM_REGION_LENGTH__:0x10000
                [0x00000002]                __FUSE_REGION_LENGTH__ = DEFINED (__FUSE_REGION_LENGTH__)?__FUSE_REGION_LENGTH__:0x400
                0x00000400                __LOCK_REGION_LENGTH__ = DEFINED (__LOCK_REGION_LENGTH__)?__LOCK_REGION_LENGTH__:0x400
                0x00000400                __SIGNATURE_REGION_LENGTH__ = DEFINED (__SIGNATURE_REGION_LENGTH__)?__SIGNATURE_REGION_LENGTH__:0x400
                0x00000400                __USER_SIGNATURE_REGION_LENGTH__ = DEFINED (__USER_SIGNATURE_REGION_LENGTH__)?__USER_SIGNATURE_REGION_LENGTH__:0x400

.hash
 *(.hash)

.dynsym
 *(.dynsym)

.dynstr
 *(.dynstr)

.gnu.version
 *(.gnu.version)

.gnu.version_d
 *(.gnu.version_d)

.gnu.version_r
 *(.gnu.version_r)

.rel.init
 *(.rel.init)

.rela.init
 *(.rela.init)

.rel.text
 *(.rel.text)
 *(.rel.text.*)
 *(.rel.gnu.linkonce.t*)

.rela.text
 *(.rela.text)
 *(.rela.text.*)
 *(.rela.gnu.linkonce.t*)

.rel.fini
 *(.rel.fini)

.rela.fini
 *(.rela.fini)

.rel.rodata
 *(.rel.rodata)
 *(.rel.rodata.*)
 *(.rel.gnu.linkonce.r*)

.rela.rodata
 *(.rela.rodata)
 *(.rela.rodata.*)
 *(.rela.gnu.linkonce.r*)

.rel.data
 *(.rel.data)
 *(.rel.data.*)
 *(.rel.gnu.linkonce.d*)

.rela.data
 *(.rela.data)
 *(.rela.data.*)
 *(.rela.gnu.linkonce.d*)

.rel.ctors
 *(.rel.ctors)

.rela.ctors
 *(.rela.ctors)

.rel.dtors
 *(.rel.dtors)

.rela.dtors
 *(.rela.dtors)

.rel.got
 *(.rel.got)

.rela.got
 *(.rela.got)

.rel.bss
 *(.rel.bss)

.rela.bss
 *(.rela.bss)

.rel.plt
 *(.rel.plt)

.rela.plt
 *(.rela.plt)

.text           0x00000000     0x2b5e
 *(.vectors)
 .vectors       0x00000000       0x54 c:/program files (x86)/atmel/studio/7.0/toolchain/avr8/avr8-gnu-toolchain/bin/../lib/gcc/avr/5.4.0/../../../../avr/lib/avr5/crtatmega32.o
                0x00000000                __vector_default
                0x00000000                __vectors
 *(.vectors)
 *(.progmem.gcc*)
                0x00000054                . = ALIGN (0x2)
                0x00000054                __trampolines_start = .
 *(.trampolines)
 .trampolines   0x00000054        0x0 linker stubs
 *(.trampolines*)
                0x00000054                __trampolines_end = .
 *libprintf_flt.a:*(.progmem.data)
 *libc.a:*(.progmem.data)
 *(.progmem*)
                0x00000054                . = ALIGN (0x2)
 *(.jumptables)
 *(.jumptables*)
 *(.lowtext)
 *(.lowtext*)
                0x00000054                __ctors_start = .
 *(.ctors)
                0x00000054                __ctors_end = .
                0x00000054                __dtors_start = .
 *(.dtors)
                0x00000054                __dtors_end = .
 SORT(*)(.ctors)
 SORT(*)(.dtors)
 *(.init0)
 .init0         0x00000054        0x0 c:/program files (x86)/atmel/studio/7.0/toolchain/avr8/avr8-gnu-toolchain/bin/../lib/gcc/avr/5.4.0/../../../../avr/lib/avr5/crtatmega32.o
                0x00000054                __init
 *(.init0)
 *(.init1)
 *(.init1)
 *(.init2)
 .init2         0x00000054        0xc c:/program files (x86)/atmel/studio/7.0/toolchain/avr8/avr8-gnu-toolchain/bin/../lib/gcc/avr/5.4.0/../../../../avr/lib/avr5/crtatmega32.o
 *(.init2)
 *(.init3)
 *(.init3)
 *(.init4)
 .init4         0x00000060       0x16 c:/program files (x86)/atmel/studio/7.0/toolchain/avr8/avr8-gnu-toolchain/bin/../lib/gcc/avr/5.4.0/avr5\libgcc.a(_copy_data.o)
                0x00000060                __do_copy_data
 .init4         0x00000076       0x10 c:/program files (x86)/atmel/studio/7.0/toolchain/avr8/avr8-gnu-toolchain/bin/../lib/gcc/avr/5.4.0/avr5\libgcc.a(_clear_bss.o)
                0x00000076                __do_clear_bss
 *(.init4)
 *(.init5)
 *(.init5)
 *(.init6)
 *(.init6)
 *(.init7)
 *(.init7)
 *(.init8)
 *(.init8)
 *(.init9)
 .init9         0x00000086        0x8 c:/program files (x86)/atmel/studio/7.0/toolchain/avr8/avr8-gnu-toolchain/bin/../lib/gcc/avr/5.4.0/../../../../avr/lib/avr5/crtatmega32.o
 *(.init9)
 *(.text)
 .text          0x0000008e        0x4 c:/program files (x86)/atmel/studio/7.0/toolchain/avr8/avr8-gnu-toolchain/bin/../lib/gcc/avr/5.4.0/../../../../avr/lib/avr5/crtatmega32.o
                0x0000008e                __vector_17
                0x0000008e                __vector_19
                0x0000008e                __vector_14
                0x0000008e                __vector_18
                0x0000008e                __vector_20
                0x0000008e                __bad_interrupt
                0x00000092                . = ALIGN (0x2)
 *(.text.*)
 .text.vListInitialise
                0x00000092       0x1c FreeRTOS/Source/list.o
                0x00000092                vListInitialise
 .text.vListInitialiseItem
                0x000000ae        0x8 FreeRTOS/Source/list.o
                0x000000ae                vListInitialiseItem
 .text.vListInsertEnd
                0x000000b6       0x42 FreeRTOS/Source/list.o
                0x000000b6                vListInsertEnd
 .text.vListInsert
                0x000000f8       0x62 FreeRTOS/Source/list.o
                0x000000f8                vListInsert
 .text.uxListRemove
                0x0000015a       0x4e FreeRTOS/Source/list.o
                0x0000015a                uxListRemove
 .text.prvSetupTimerInterrupt
                0x000001a8       0x12 FreeRTOS/Source/portable/GCC/ATMega323/port.o
 .text.pxPortInitialiseStack
                0x000001ba       0xd8 FreeRTOS/Source/portable/GCC/ATMega323/port.o
                0x000001ba                pxPortInitialiseStack
 .text.xPortStartScheduler
                0x00000292       0x5e FreeRTOS/Source/portable/GCC/ATMega323/port.o
                0x00000292                xPortStartScheduler
 .text.vPortYield
                0x000002f0       0xb2 FreeRTOS/Source/portable/GCC/ATMega323/port.o
                0x000002f0                vPortYield
 .text.vPortYieldFromTick
                0x000003a2       0xb8 FreeRTOS/Source/portable/GCC/ATMega323/port.o
                0x000003a2                vPortYieldFromTick
 .text.__vector_7
                0x0000045a        0x6 FreeRTOS/Source/portable/GCC/ATMega323/port.o
                0x0000045a                __vector_7
 .text.pvPortMalloc
                0x00000460       0x74 FreeRTOS/Source/portable/MemMang/heap_1.o
                0x00000460                pvPortMalloc
 .text.vPortFree
                0x000004d4        0x2 FreeRTOS/Source/portable/MemMang/heap_1.o
                0x000004d4                vPortFree
 .text.prvIsQueueEmpty
                0x000004d6       0x1a FreeRTOS/Source/queue.o
 .text.prvIsQueueFull
                0x000004f0       0x1c FreeRTOS/Source/queue.o
 .text.prvCopyDataToQueue
                0x0000050c       0x92 FreeRTOS/Source/queue.o
 .text.prvUnlockQueue
                0x0000059e       0x68 FreeRTOS/Source/queue.o
 .text.xQueueGenericReset
                0x00000606       0xc0 FreeRTOS/Source/queue.o
                0x00000606                xQueueGenericReset
 .text.prvInitialiseNewQueue
                0x000006c6       0x26 FreeRTOS/Source/queue.o
 .text.xQueueGenericCreate
                0x000006ec       0x82 FreeRTOS/Source/queue.o
                0x000006ec                xQueueGenericCreate
 .text.xQueueGenericSend
                0x0000076e      0x124 FreeRTOS/Source/queue.o
                0x0000076e                xQueueGenericSend
 .text.xQueueSemaphoreTake
                0x00000892      0x106 FreeRTOS/Source/queue.o
                0x00000892                xQueueSemaphoreTake
 .text.prvResetNextTaskUnblockTime
                0x00000998       0x38 FreeRTOS/Source/tasks.o
 .text.prvDeleteTCB
                0x000009d0       0x1a FreeRTOS/Source/tasks.o
 .text.prvInitialiseNewTask
                0x000009ea       0xd2 FreeRTOS/Source/tasks.o
 .text.prvInitialiseTaskLists
                0x00000abc       0x6e FreeRTOS/Source/tasks.o
 .text.prvAddNewTaskToReadyList
                0x00000b2a       0xfa FreeRTOS/Source/tasks.o
 .text.prvCheckTasksWaitingTermination
                0x00000c24       0x4c FreeRTOS/Source/tasks.o
 .text.prvIdleTask
                0x00000c70       0x12 FreeRTOS/Source/tasks.o
 .text.prvAddCurrentTaskToDelayedList
                0x00000c82      0x102 FreeRTOS/Source/tasks.o
 .text.xTaskCreate
                0x00000d84       0xb2 FreeRTOS/Source/tasks.o
                0x00000d84                xTaskCreate
 .text.vTaskDelete
                0x00000e36       0xb0 FreeRTOS/Source/tasks.o
                0x00000e36                vTaskDelete
 .text.vTaskStartScheduler
                0x00000ee6       0x58 FreeRTOS/Source/tasks.o
                0x00000ee6                vTaskStartScheduler
 .text.vTaskSuspendAll
                0x00000f3e        0xc FreeRTOS/Source/tasks.o
                0x00000f3e                vTaskSuspendAll
 .text.xTaskIncrementTick
                0x00000f4a      0x234 FreeRTOS/Source/tasks.o
                0x00000f4a                xTaskIncrementTick
 .text.xTaskResumeAll
                0x0000117e      0x1aa FreeRTOS/Source/tasks.o
                0x0000117e                xTaskResumeAll
 .text.vTaskDelay
                0x00001328       0x2c FreeRTOS/Source/tasks.o
                0x00001328                vTaskDelay
 .text.vTaskSwitchContext
                0x00001354       0xa8 FreeRTOS/Source/tasks.o
                0x00001354                vTaskSwitchContext
 .text.vTaskPlaceOnEventList
                0x000013fc       0x24 FreeRTOS/Source/tasks.o
                0x000013fc                vTaskPlaceOnEventList
 .text.xTaskRemoveFromEventList
                0x00001420      0x17a FreeRTOS/Source/tasks.o
                0x00001420                xTaskRemoveFromEventList
 .text.vTaskInternalSetTimeOutState
                0x0000159a       0x16 FreeRTOS/Source/tasks.o
                0x0000159a                vTaskInternalSetTimeOutState
 .text.xTaskCheckForTimeOut
                0x000015b0       0x7e FreeRTOS/Source/tasks.o
                0x000015b0                xTaskCheckForTimeOut
 .text.vTaskMissedYield
                0x0000162e        0x8 FreeRTOS/Source/tasks.o
                0x0000162e                vTaskMissedYield
 .text.TempNotificatonRead
                0x00001636       0x50 main.o
                0x00001636                TempNotificatonRead
 .text.INIT_Task
                0x00001686       0x50 main.o
                0x00001686                INIT_Task
 .text.Lcd_Task
                0x000016d6       0x2a main.o
                0x000016d6                Lcd_Task
 .text.Buzzer_Task
                0x00001700       0x3e main.o
                0x00001700                Buzzer_Task
 .text.Fan_Task
                0x0000173e       0xee main.o
                0x0000173e                Fan_Task
 .text.main     0x0000182c       0xf8 main.o
                0x0000182c                main
 .text.compar_pass
                0x00001924       0x36 main.o
                0x00001924                compar_pass
 .text.KeyPad_Task
                0x0000195a      0x112 main.o
                0x0000195a                KeyPad_Task
 .text.KEYPAD_voidInit
                0x00001a6c       0x42 HAL/KEYPAD/source/KEYPAD.o
                0x00001a6c                KEYPAD_voidInit
 .text.KEYPAD_WritrPins
                0x00001aae       0x36 HAL/KEYPAD/source/KEYPAD.o
                0x00001aae                KEYPAD_WritrPins
 .text.KEYPAD_ReadPins
                0x00001ae4       0x90 HAL/KEYPAD/source/KEYPAD.o
                0x00001ae4                KEYPAD_ReadPins
 .text.KEYPAD_FindKey
                0x00001b74      0x116 HAL/KEYPAD/source/KEYPAD.o
                0x00001b74                KEYPAD_FindKey
 .text.LCD_voidWriteCharacter
                0x00001c8a       0x90 HAL/LCD/LCD.o
                0x00001c8a                LCD_voidWriteCharacter
 .text.LCD_voidSendCommand
                0x00001d1a       0xa0 HAL/LCD/LCD.o
                0x00001d1a                LCD_voidSendCommand
 .text.LCD_voidInit
                0x00001dba       0x82 HAL/LCD/LCD.o
                0x00001dba                LCD_voidInit
 .text.LCD_voidWriteString
                0x00001e3c       0x1a HAL/LCD/LCD.o
                0x00001e3c                LCD_voidWriteString
 .text.LCD_voidSetCursor
                0x00001e56       0x30 HAL/LCD/LCD.o
                0x00001e56                LCD_voidSetCursor
 .text.LCD_voidClear
                0x00001e86        0x8 HAL/LCD/LCD.o
                0x00001e86                LCD_voidClear
 .text.lcd_voidSendNumber
                0x00001e8e       0xe4 HAL/LCD/LCD.o
                0x00001e8e                lcd_voidSendNumber
 .text.ADC_voidInit
                0x00001f72       0x28 MCAL/ADC/source/ADC.o
                0x00001f72                ADC_voidInit
 .text.ADC_SetCallBack
                0x00001f9a        0xa MCAL/ADC/source/ADC.o
                0x00001f9a                ADC_SetCallBack
 .text.ADC_AScyn
                0x00001fa4       0x18 MCAL/ADC/source/ADC.o
                0x00001fa4                ADC_AScyn
 .text.__vector_16
                0x00001fbc       0x62 MCAL/ADC/source/ADC.o
                0x00001fbc                __vector_16
 .text.DIO_WritrPin
                0x0000201e      0x1aa MCAL/DIO/source/DIO.o
                0x0000201e                DIO_WritrPin
 .text.DIO_READ_PIN
                0x000021c8       0xf8 MCAL/DIO/source/DIO.o
                0x000021c8                DIO_READ_PIN
 .text.Global_Interrupt_EnablE
                0x000022c0        0x8 MCAL/EXT_INTERUPT/source/external_interrupt.o
                0x000022c0                Global_Interrupt_EnablE
 .text.__vector_1
                0x000022c8       0x58 MCAL/EXT_INTERUPT/source/external_interrupt.o
                0x000022c8                __vector_1
 .text.__vector_2
                0x00002320       0x58 MCAL/EXT_INTERUPT/source/external_interrupt.o
                0x00002320                __vector_2
 .text.__vector_3
                0x00002378       0x52 MCAL/EXT_INTERUPT/source/external_interrupt.o
                0x00002378                __vector_3
 .text.Port_setPinDirection
                0x000023ca      0x144 MCAL/PORT/source/port.o
                0x000023ca                Port_setPinDirection
 .text.Port_SetPinMode
                0x0000250e      0x2d6 MCAL/PORT/source/port.o
                0x0000250e                Port_SetPinMode
 .text.__vector_12
                0x000027e4       0x52 MCAL/SPI/sources/SPI.o
                0x000027e4                __vector_12
 .text.__vector_11
                0x00002836       0x4e MCAL/TIMER0/source/TIMER0_prog.o
                0x00002836                __vector_11
 .text.__vector_10
                0x00002884       0x14 MCAL/TIMER0/source/TIMER0_prog.o
                0x00002884                __vector_10
 .text.TIMER2_voidInit
                0x00002898       0x28 MCAL/TIMER/TIMER_program.o
                0x00002898                TIMER2_voidInit
 .text.TIMER2_voidSetCTC
                0x000028c0        0x4 MCAL/TIMER/TIMER_program.o
                0x000028c0                TIMER2_voidSetCTC
 .text.__vector_9
                0x000028c4       0x52 MCAL/TIMER/TIMER_program.o
                0x000028c4                __vector_9
 .text.__vector_8
                0x00002916       0x52 MCAL/TIMER/TIMER_program.o
                0x00002916                __vector_8
 .text.__vector_6
                0x00002968       0x52 MCAL/TIMER/TIMER_program.o
                0x00002968                __vector_6
 .text.__vector_5
                0x000029ba       0x52 MCAL/TIMER/TIMER_program.o
                0x000029ba                __vector_5
 .text.__vector_4
                0x00002a0c       0x52 MCAL/TIMER/TIMER_program.o
                0x00002a0c                __vector_4
 .text.__vector_13
                0x00002a5e       0x52 MCAL/UART/UART.o
                0x00002a5e                __vector_13
 .text.__vector_15
                0x00002ab0       0x52 MCAL/UART/UART.o
                0x00002ab0                __vector_15
 .text.libgcc.div
                0x00002b02       0x28 c:/program files (x86)/atmel/studio/7.0/toolchain/avr8/avr8-gnu-toolchain/bin/../lib/gcc/avr/5.4.0/avr5\libgcc.a(_udivmodhi4.o)
                0x00002b02                __udivmodhi4
 .text.libgcc.mul
                0x00002b2a       0x1e c:/program files (x86)/atmel/studio/7.0/toolchain/avr8/avr8-gnu-toolchain/bin/../lib/gcc/avr/5.4.0/avr5\libgcc.a(_umulhisi3.o)
                0x00002b2a                __umulhisi3
 .text.avr-libc
                0x00002b48       0x12 c:/program files (x86)/atmel/studio/7.0/toolchain/avr8/avr8-gnu-toolchain/bin/../lib/gcc/avr/5.4.0/../../../../avr/lib/avr5\libc.a(memcpy.o)
                0x00002b48                memcpy
                0x00002b5a                . = ALIGN (0x2)
 *(.fini9)
 .fini9         0x00002b5a        0x0 c:/program files (x86)/atmel/studio/7.0/toolchain/avr8/avr8-gnu-toolchain/bin/../lib/gcc/avr/5.4.0/avr5\libgcc.a(_exit.o)
                0x00002b5a                _exit
                0x00002b5a                exit
 *(.fini9)
 *(.fini8)
 *(.fini8)
 *(.fini7)
 *(.fini7)
 *(.fini6)
 *(.fini6)
 *(.fini5)
 *(.fini5)
 *(.fini4)
 *(.fini4)
 *(.fini3)
 *(.fini3)
 *(.fini2)
 *(.fini2)
 *(.fini1)
 *(.fini1)
 *(.fini0)
 .fini0         0x00002b5a        0x4 c:/program files (x86)/atmel/studio/7.0/toolchain/avr8/avr8-gnu-toolchain/bin/../lib/gcc/avr/5.4.0/avr5\libgcc.a(_exit.o)
 *(.fini0)
                0x00002b5e                _etext = .

.data           0x00800060       0x8e load address 0x00002b5e
                0x00800060                PROVIDE (__data_start, .)
 *(.data)
 *(.data*)
 .data.uxTopUsedPriority
                0x00800060        0x1 FreeRTOS/Source/tasks.o
                0x00800060                uxTopUsedPriority
 .data.CorrectPass
                0x00800061        0x2 main.o
                0x00800061                CorrectPass
 *(.gnu.linkonce.d*)
 *(.rodata)
 *(.rodata*)
 .rodata.str1.1
                0x00800063        0x5 FreeRTOS/Source/tasks.o
 .rodata.str1.1
                0x00800068       0x75 main.o
 .rodata.KEYPAD_SYMBOL
                0x008000dd       0x10 HAL/KEYPAD/source/KEYPAD.o
 *(.gnu.linkonce.r*)
                0x008000ee                . = ALIGN (0x2)
 *fill*         0x008000ed        0x1 
                0x008000ee                _edata = .
                0x008000ee                PROVIDE (__data_end, .)

.bss            0x008000ee      0x69a
                0x008000ee                PROVIDE (__bss_start, .)
 *(.bss)
 *(.bss*)
 .bss.pucAlignedHeap.2112
                0x008000ee        0x2 FreeRTOS/Source/portable/MemMang/heap_1.o
 .bss.xNextFreeByte
                0x008000f0        0x2 FreeRTOS/Source/portable/MemMang/heap_1.o
 .bss.ucHeap    0x008000f2      0x5dc FreeRTOS/Source/portable/MemMang/heap_1.o
 .bss.uxSchedulerSuspended
                0x008006ce        0x1 FreeRTOS/Source/tasks.o
 .bss.xIdleTaskHandle
                0x008006cf        0x2 FreeRTOS/Source/tasks.o
 .bss.xNextTaskUnblockTime
                0x008006d1        0x2 FreeRTOS/Source/tasks.o
 .bss.uxTaskNumber
                0x008006d3        0x1 FreeRTOS/Source/tasks.o
 .bss.xNumOfOverflows
                0x008006d4        0x1 FreeRTOS/Source/tasks.o
 .bss.xYieldPending
                0x008006d5        0x1 FreeRTOS/Source/tasks.o
 .bss.xPendedTicks
                0x008006d6        0x2 FreeRTOS/Source/tasks.o
 .bss.xSchedulerRunning
                0x008006d8        0x1 FreeRTOS/Source/tasks.o
 .bss.uxTopReadyPriority
                0x008006d9        0x1 FreeRTOS/Source/tasks.o
 .bss.xTickCount
                0x008006da        0x2 FreeRTOS/Source/tasks.o
 .bss.uxCurrentNumberOfTasks
                0x008006dc        0x1 FreeRTOS/Source/tasks.o
 .bss.xSuspendedTaskList
                0x008006dd        0x9 FreeRTOS/Source/tasks.o
 .bss.uxDeletedTasksWaitingCleanUp
                0x008006e6        0x1 FreeRTOS/Source/tasks.o
 .bss.xTasksWaitingTermination
                0x008006e7        0x9 FreeRTOS/Source/tasks.o
 .bss.xPendingReadyList
                0x008006f0        0x9 FreeRTOS/Source/tasks.o
 .bss.pxOverflowDelayedTaskList
                0x008006f9        0x2 FreeRTOS/Source/tasks.o
 .bss.pxDelayedTaskList
                0x008006fb        0x2 FreeRTOS/Source/tasks.o
 .bss.xDelayedTaskList2
                0x008006fd        0x9 FreeRTOS/Source/tasks.o
 .bss.xDelayedTaskList1
                0x00800706        0x9 FreeRTOS/Source/tasks.o
 .bss.pxReadyTasksLists
                0x0080070f       0x36 FreeRTOS/Source/tasks.o
 .bss.pxCurrentTCB
                0x00800745        0x2 FreeRTOS/Source/tasks.o
                0x00800745                pxCurrentTCB
 .bss.TempFlag  0x00800747        0x2 main.o
                0x00800747                TempFlag
 .bss.TEMP_READ
                0x00800749        0x2 main.o
                0x00800749                TEMP_READ
 .bss.Buzzer_Flag
                0x0080074b        0x1 main.o
                0x0080074b                Buzzer_Flag
 .bss.Fan_Task_Hadler
                0x0080074c        0x2 main.o
                0x0080074c                Fan_Task_Hadler
 .bss.Buzzer_Task_Hadler
                0x0080074e        0x2 main.o
                0x0080074e                Buzzer_Task_Hadler
 .bss.Lcd_Task_Hadler
                0x00800750        0x2 main.o
                0x00800750                Lcd_Task_Hadler
 .bss.KeyPad_Task_Hadler
                0x00800752        0x2 main.o
                0x00800752                KeyPad_Task_Hadler
 .bss.TEMPSemaphore
                0x00800754        0x2 main.o
                0x00800754                TEMPSemaphore
 .bss.LCD_Semaphore
                0x00800756        0x2 main.o
                0x00800756                LCD_Semaphore
 .bss.ADC_PTRTOFUN
                0x00800758        0x2 MCAL/ADC/source/ADC.o
 .bss.Call_backFromExtISR
                0x0080075a        0x6 MCAL/EXT_INTERUPT/source/external_interrupt.o
 .bss.SPI_COMPLETE_OPERATION_ISR_POINTER
                0x00800760        0x2 MCAL/SPI/sources/SPI.o
                0x00800760                SPI_COMPLETE_OPERATION_ISR_POINTER
 .bss.TIMER_pvTimer0
                0x00800762        0x2 MCAL/TIMER0/source/TIMER0_prog.o
 .bss.TIMERS_pvCallBackFunc
                0x00800764       0x20 MCAL/TIMER/TIMER_program.o
 .bss.UART_TX_Fptr
                0x00800784        0x2 MCAL/UART/UART.o
 .bss.UART_RX_Fptr
                0x00800786        0x2 MCAL/UART/UART.o
 *(COMMON)
                0x00800788                PROVIDE (__bss_end, .)
                0x00002b5e                __data_load_start = LOADADDR (.data)
                0x00002bec                __data_load_end = (__data_load_start + SIZEOF (.data))

.noinit         0x00800788        0x0
                [!provide]                PROVIDE (__noinit_start, .)
 *(.noinit*)
                [!provide]                PROVIDE (__noinit_end, .)
                0x00800788                _end = .
                [!provide]                PROVIDE (__heap_start, .)

.eeprom         0x00810000        0x0
 *(.eeprom*)
                0x00810000                __eeprom_end = .

.fuse
 *(.fuse)
 *(.lfuse)
 *(.hfuse)
 *(.efuse)

.lock
 *(.lock*)

.signature
 *(.signature*)

.user_signatures
 *(.user_signatures*)

.stab
 *(.stab)

.stabstr
 *(.stabstr)

.stab.excl
 *(.stab.excl)

.stab.exclstr
 *(.stab.exclstr)

.stab.index
 *(.stab.index)

.stab.indexstr
 *(.stab.indexstr)

.comment        0x00000000       0x30
 *(.comment)
 .comment       0x00000000       0x30 FreeRTOS/Source/list.o
                                 0x31 (size before relaxing)
 .comment       0x00000030       0x31 FreeRTOS/Source/portable/GCC/ATMega323/port.o
 .comment       0x00000030       0x31 FreeRTOS/Source/portable/MemMang/heap_1.o
 .comment       0x00000030       0x31 FreeRTOS/Source/queue.o
 .comment       0x00000030       0x31 FreeRTOS/Source/tasks.o
 .comment       0x00000030       0x31 main.o
 .comment       0x00000030       0x31 HAL/KEYPAD/source/KEYPAD.o
 .comment       0x00000030       0x31 HAL/LCD/LCD.o
 .comment       0x00000030       0x31 MCAL/ADC/source/ADC.o
 .comment       0x00000030       0x31 MCAL/DIO/source/DIO.o
 .comment       0x00000030       0x31 MCAL/EXT_INTERUPT/source/external_interrupt.o
 .comment       0x00000030       0x31 MCAL/PORT/source/port.o
 .comment       0x00000030       0x31 MCAL/SPI/sources/SPI.o
 .comment       0x00000030       0x31 MCAL/TIMER0/source/TIMER0_prog.o
 .comment       0x00000030       0x31 MCAL/TIMER/TIMER_program.o
 .comment       0x00000030       0x31 MCAL/UART/UART.o

.note.gnu.avr.deviceinfo
                0x00000000       0x3c
 .note.gnu.avr.deviceinfo
                0x00000000       0x3c c:/program files (x86)/atmel/studio/7.0/toolchain/avr8/avr8-gnu-toolchain/bin/../lib/gcc/avr/5.4.0/../../../../avr/lib/avr5/crtatmega32.o

.note.gnu.build-id
 *(.note.gnu.build-id)

.debug
 *(.debug)

.line
 *(.line)

.debug_srcinfo
 *(.debug_srcinfo)

.debug_sfnames
 *(.debug_sfnames)

.debug_aranges  0x00000000      0x790
 *(.debug_aranges)
 .debug_aranges
                0x00000000       0x40 FreeRTOS/Source/list.o
 .debug_aranges
                0x00000040       0x50 FreeRTOS/Source/portable/GCC/ATMega323/port.o
 .debug_aranges
                0x00000090       0x38 FreeRTOS/Source/portable/MemMang/heap_1.o
 .debug_aranges
                0x000000c8       0xd0 FreeRTOS/Source/queue.o
 .debug_aranges
                0x00000198      0x178 FreeRTOS/Source/tasks.o
 .debug_aranges
                0x00000310       0x58 main.o
 .debug_aranges
                0x00000368       0x38 HAL/KEYPAD/source/KEYPAD.o
 .debug_aranges
                0x000003a0       0x68 HAL/LCD/LCD.o
 .debug_aranges
                0x00000408       0x50 MCAL/ADC/source/ADC.o
 .debug_aranges
                0x00000458       0x40 MCAL/DIO/source/DIO.o
 .debug_aranges
                0x00000498       0x58 MCAL/EXT_INTERUPT/source/external_interrupt.o
 .debug_aranges
                0x000004f0       0x30 MCAL/PORT/source/port.o
 .debug_aranges
                0x00000520       0x50 MCAL/SPI/sources/SPI.o
 .debug_aranges
                0x00000570       0x88 MCAL/TIMER0/source/TIMER0_prog.o
 .debug_aranges
                0x000005f8      0x100 MCAL/TIMER/TIMER_program.o
 .debug_aranges
                0x000006f8       0x98 MCAL/UART/UART.o

.debug_pubnames
 *(.debug_pubnames)

.debug_info     0x00000000     0x6a82
 *(.debug_info .gnu.linkonce.wi.*)
 .debug_info    0x00000000      0x4e6 c:/program files (x86)/atmel/studio/7.0/toolchain/avr8/avr8-gnu-toolchain/bin/../lib/gcc/avr/5.4.0/../../../../avr/lib/avr5/crtatmega32.o
 .debug_info    0x000004e6      0x2d8 FreeRTOS/Source/list.o
 .debug_info    0x000007be      0x24e FreeRTOS/Source/portable/GCC/ATMega323/port.o
 .debug_info    0x00000a0c      0x1a4 FreeRTOS/Source/portable/MemMang/heap_1.o
 .debug_info    0x00000bb0     0x1563 FreeRTOS/Source/queue.o
 .debug_info    0x00002113     0x1caa FreeRTOS/Source/tasks.o
 .debug_info    0x00003dbd      0xcd3 main.o
 .debug_info    0x00004a90      0x42a HAL/KEYPAD/source/KEYPAD.o
 .debug_info    0x00004eba      0x80c HAL/LCD/LCD.o
 .debug_info    0x000056c6      0x1bf MCAL/ADC/source/ADC.o
 .debug_info    0x00005885      0x297 MCAL/DIO/source/DIO.o
 .debug_info    0x00005b1c      0x254 MCAL/EXT_INTERUPT/source/external_interrupt.o
 .debug_info    0x00005d70      0x194 MCAL/PORT/source/port.o
 .debug_info    0x00005f04      0x16f MCAL/SPI/sources/SPI.o
 .debug_info    0x00006073      0x254 MCAL/TIMER0/source/TIMER0_prog.o
 .debug_info    0x000062c7      0x474 MCAL/TIMER/TIMER_program.o
 .debug_info    0x0000673b      0x347 MCAL/UART/UART.o

.debug_abbrev   0x00000000     0x1ab6
 *(.debug_abbrev)
 .debug_abbrev  0x00000000      0x4a3 c:/program files (x86)/atmel/studio/7.0/toolchain/avr8/avr8-gnu-toolchain/bin/../lib/gcc/avr/5.4.0/../../../../avr/lib/avr5/crtatmega32.o
 .debug_abbrev  0x000004a3       0xff FreeRTOS/Source/list.o
 .debug_abbrev  0x000005a2      0x143 FreeRTOS/Source/portable/GCC/ATMega323/port.o
 .debug_abbrev  0x000006e5      0x11c FreeRTOS/Source/portable/MemMang/heap_1.o
 .debug_abbrev  0x00000801      0x227 FreeRTOS/Source/queue.o
 .debug_abbrev  0x00000a28      0x2ae FreeRTOS/Source/tasks.o
 .debug_abbrev  0x00000cd6      0x234 main.o
 .debug_abbrev  0x00000f0a      0x149 HAL/KEYPAD/source/KEYPAD.o
 .debug_abbrev  0x00001053      0x19d HAL/LCD/LCD.o
 .debug_abbrev  0x000011f0      0x11f MCAL/ADC/source/ADC.o
 .debug_abbrev  0x0000130f       0xe4 MCAL/DIO/source/DIO.o
 .debug_abbrev  0x000013f3      0x157 MCAL/EXT_INTERUPT/source/external_interrupt.o
 .debug_abbrev  0x0000154a       0xc6 MCAL/PORT/source/port.o
 .debug_abbrev  0x00001610       0xf5 MCAL/SPI/sources/SPI.o
 .debug_abbrev  0x00001705      0x126 MCAL/TIMER0/source/TIMER0_prog.o
 .debug_abbrev  0x0000182b      0x124 MCAL/TIMER/TIMER_program.o
 .debug_abbrev  0x0000194f      0x167 MCAL/UART/UART.o

.debug_line     0x00000000     0x4566
 *(.debug_line .debug_line.* .debug_line_end)
 .debug_line    0x00000000       0x1a c:/program files (x86)/atmel/studio/7.0/toolchain/avr8/avr8-gnu-toolchain/bin/../lib/gcc/avr/5.4.0/../../../../avr/lib/avr5/crtatmega32.o
 .debug_line    0x0000001a      0x223 FreeRTOS/Source/list.o
 .debug_line    0x0000023d      0x2dd FreeRTOS/Source/portable/GCC/ATMega323/port.o
 .debug_line    0x0000051a      0x1e7 FreeRTOS/Source/portable/MemMang/heap_1.o
 .debug_line    0x00000701      0xb39 FreeRTOS/Source/queue.o
 .debug_line    0x0000123a     0x11e1 FreeRTOS/Source/tasks.o
 .debug_line    0x0000241b      0x548 main.o
 .debug_line    0x00002963      0x2a6 HAL/KEYPAD/source/KEYPAD.o
 .debug_line    0x00002c09      0x450 HAL/LCD/LCD.o
 .debug_line    0x00003059      0x1a7 MCAL/ADC/source/ADC.o
 .debug_line    0x00003200      0x35e MCAL/DIO/source/DIO.o
 .debug_line    0x0000355e      0x26e MCAL/EXT_INTERUPT/source/external_interrupt.o
 .debug_line    0x000037cc      0x376 MCAL/PORT/source/port.o
 .debug_line    0x00003b42      0x170 MCAL/SPI/sources/SPI.o
 .debug_line    0x00003cb2      0x216 MCAL/TIMER0/source/TIMER0_prog.o
 .debug_line    0x00003ec8      0x417 MCAL/TIMER/TIMER_program.o
 .debug_line    0x000042df      0x287 MCAL/UART/UART.o

.debug_frame    0x00000000     0x1690
 *(.debug_frame)
 .debug_frame   0x00000000       0x88 FreeRTOS/Source/list.o
 .debug_frame   0x00000088       0x84 FreeRTOS/Source/portable/GCC/ATMega323/port.o
 .debug_frame   0x0000010c       0x60 FreeRTOS/Source/portable/MemMang/heap_1.o
 .debug_frame   0x0000016c      0x314 FreeRTOS/Source/queue.o
 .debug_frame   0x00000480      0x5ac FreeRTOS/Source/tasks.o
 .debug_frame   0x00000a2c       0xb0 main.o
 .debug_frame   0x00000adc       0xa8 HAL/KEYPAD/source/KEYPAD.o
 .debug_frame   0x00000b84       0xec HAL/LCD/LCD.o
 .debug_frame   0x00000c70       0xcc MCAL/ADC/source/ADC.o
 .debug_frame   0x00000d3c       0x64 MCAL/DIO/source/DIO.o
 .debug_frame   0x00000da0      0x17c MCAL/EXT_INTERUPT/source/external_interrupt.o
 .debug_frame   0x00000f1c       0x44 MCAL/PORT/source/port.o
 .debug_frame   0x00000f60       0xcc MCAL/SPI/sources/SPI.o
 .debug_frame   0x0000102c      0x148 MCAL/TIMER0/source/TIMER0_prog.o
 .debug_frame   0x00001174      0x34c MCAL/TIMER/TIMER_program.o
 .debug_frame   0x000014c0      0x1d0 MCAL/UART/UART.o

.debug_str      0x00000000     0x22c6
 *(.debug_str)
 .debug_str     0x00000000      0x196 c:/program files (x86)/atmel/studio/7.0/toolchain/avr8/avr8-gnu-toolchain/bin/../lib/gcc/avr/5.4.0/../../../../avr/lib/avr5/crtatmega32.o
 .debug_str     0x00000196      0x271 FreeRTOS/Source/list.o
                                0x2b0 (size before relaxing)
 .debug_str     0x00000407      0x14e FreeRTOS/Source/portable/GCC/ATMega323/port.o
                                0x2c0 (size before relaxing)
 .debug_str     0x00000555       0xce FreeRTOS/Source/portable/MemMang/heap_1.o
                                0x232 (size before relaxing)
 .debug_str     0x00000623      0x530 FreeRTOS/Source/queue.o
                                0x7d8 (size before relaxing)
 .debug_str     0x00000b53      0x82b FreeRTOS/Source/tasks.o
                                0xcd5 (size before relaxing)
 .debug_str     0x0000137e      0x2dc main.o
                                0x512 (size before relaxing)
 .debug_str     0x0000165a      0x104 HAL/KEYPAD/source/KEYPAD.o
                                0x2b4 (size before relaxing)
 .debug_str     0x0000175e       0xe0 HAL/LCD/LCD.o
                                0x303 (size before relaxing)
 .debug_str     0x0000183e       0xb8 MCAL/ADC/source/ADC.o
                                0x234 (size before relaxing)
 .debug_str     0x000018f6      0x111 MCAL/DIO/source/DIO.o
                                0x2a1 (size before relaxing)
 .debug_str     0x00001a07      0x150 MCAL/EXT_INTERUPT/source/external_interrupt.o
                                0x2d9 (size before relaxing)
 .debug_str     0x00001b57       0x55 MCAL/PORT/source/port.o
                                0x240 (size before relaxing)
 .debug_str     0x00001bac       0xee MCAL/SPI/sources/SPI.o
                                0x241 (size before relaxing)
 .debug_str     0x00001c9a      0x186 MCAL/TIMER0/source/TIMER0_prog.o
                                0x2e0 (size before relaxing)
 .debug_str     0x00001e20      0x310 MCAL/TIMER/TIMER_program.o
                                0x490 (size before relaxing)
 .debug_str     0x00002130      0x196 MCAL/UART/UART.o
                                0x2f7 (size before relaxing)

.debug_loc      0x00000000     0x673d
 *(.debug_loc)
 .debug_loc     0x00000000      0x145 FreeRTOS/Source/list.o
 .debug_loc     0x00000145      0x2a0 FreeRTOS/Source/portable/GCC/ATMega323/port.o
 .debug_loc     0x000003e5      0x10f FreeRTOS/Source/portable/MemMang/heap_1.o
 .debug_loc     0x000004f4     0x19c9 FreeRTOS/Source/queue.o
 .debug_loc     0x00001ebd     0x2102 FreeRTOS/Source/tasks.o
 .debug_loc     0x00003fbf      0x267 main.o
 .debug_loc     0x00004226      0x24a HAL/KEYPAD/source/KEYPAD.o
 .debug_loc     0x00004470      0x422 HAL/LCD/LCD.o
 .debug_loc     0x00004892      0x127 MCAL/ADC/source/ADC.o
 .debug_loc     0x000049b9      0x6af MCAL/DIO/source/DIO.o
 .debug_loc     0x00005068      0x37e MCAL/EXT_INTERUPT/source/external_interrupt.o
 .debug_loc     0x000053e6      0x8b7 MCAL/PORT/source/port.o
 .debug_loc     0x00005c9d       0xf8 MCAL/SPI/sources/SPI.o
 .debug_loc     0x00005d95      0x14e MCAL/TIMER0/source/TIMER0_prog.o
 .debug_loc     0x00005ee3      0x4ca MCAL/TIMER/TIMER_program.o
 .debug_loc     0x000063ad      0x390 MCAL/UART/UART.o

.debug_macinfo
 *(.debug_macinfo)

.debug_weaknames
 *(.debug_weaknames)

.debug_funcnames
 *(.debug_funcnames)

.debug_typenames
 *(.debug_typenames)

.debug_varnames
 *(.debug_varnames)

.debug_pubtypes
 *(.debug_pubtypes)

.debug_ranges   0x00000000      0x8d8
 *(.debug_ranges)
 .debug_ranges  0x00000000       0x30 FreeRTOS/Source/list.o
 .debug_ranges  0x00000030       0x40 FreeRTOS/Source/portable/GCC/ATMega323/port.o
 .debug_ranges  0x00000070       0x28 FreeRTOS/Source/portable/MemMang/heap_1.o
 .debug_ranges  0x00000098      0x108 FreeRTOS/Source/queue.o
 .debug_ranges  0x000001a0      0x1a8 FreeRTOS/Source/tasks.o
 .debug_ranges  0x00000348       0x60 main.o
 .debug_ranges  0x000003a8       0x40 HAL/KEYPAD/source/KEYPAD.o
 .debug_ranges  0x000003e8       0x58 HAL/LCD/LCD.o
 .debug_ranges  0x00000440       0x40 MCAL/ADC/source/ADC.o
 .debug_ranges  0x00000480       0xd8 MCAL/DIO/source/DIO.o
 .debug_ranges  0x00000558       0x48 MCAL/EXT_INTERUPT/source/external_interrupt.o
 .debug_ranges  0x000005a0      0x108 MCAL/PORT/source/port.o
 .debug_ranges  0x000006a8       0x40 MCAL/SPI/sources/SPI.o
 .debug_ranges  0x000006e8       0x78 MCAL/TIMER0/source/TIMER0_prog.o
 .debug_ranges  0x00000760       0xf0 MCAL/TIMER/TIMER_program.o
 .debug_ranges  0x00000850       0x88 MCAL/UART/UART.o

.debug_macro
 *(.debug_macro)
OUTPUT(avrRTOOS.elf elf32-avr)
LOAD linker stubs
